[    0.000000] Initializing cgroup subsys cpuset
[    0.000000] Initializing cgroup subsys cpu
[    0.000000] Initializing cgroup subsys cpuacct
[    0.000000] Linux version 4.4.0-154-generic (buildd@lgw01-amd64-049) (gcc version 5.4.0 20160609 (Ubuntu 5.4.0-6ubuntu1~16.04.10) ) #181-Ubuntu SMP Tue Jun 25 05:29:03 UTC 2019 (Ubuntu 4.4.0-154.181-generic 4.4.179)
[    0.000000] Command line: BOOT_IMAGE=/boot/vmlinuz-4.4.0-154-generic root=LABEL=cloudimg-rootfs ro console=tty1 console=ttyS0
[    0.000000] KERNEL supported cpus:
[    0.000000]   Intel GenuineIntel
[    0.000000]   AMD AuthenticAMD
[    0.000000]   Centaur CentaurHauls
[    0.000000] x86/fpu: Legacy x87 FPU detected.
[    0.000000] e820: BIOS-provided physical RAM map:
[    0.000000] BIOS-e820: [mem 0x0000000000000000-0x000000000009fbff] usable
[    0.000000] BIOS-e820: [mem 0x000000000009fc00-0x000000000009ffff] reserved
[    0.000000] BIOS-e820: [mem 0x00000000000f0000-0x00000000000fffff] reserved
[    0.000000] BIOS-e820: [mem 0x0000000000100000-0x000000003ffeffff] usable
[    0.000000] BIOS-e820: [mem 0x000000003fff0000-0x000000003ffffff] ACPI data
[    0.000000] BIOS-e820: [mem 0x00000000fec00000-0x00000000fec00ff] reserved
[    0.000000] BIOS-e820: [mem 0x00000000fee00000-0x00000000fee00fff] reserved
[    0.000000] BIOS-e820: [mem 0x00000000fffc0000-0x00000000ffffffff] reseve
[    0.000000] NX (Execute Disable) protection: active
[    0.000000] SMBIOS 2.5 present.
[    0.000000] Hypervisor detected: KVM
[    0.000000] e820: last_pfn = 0x3fff0 max_arch_pfn = 0x400000000
[    0.000000] MTRR: Disabled
[    0.000000] x86/PAT: MTRRs disabled, skipping PAT initialization too.
[    0.000000] CPU MTRRs all blank - virtualized system.
[    0.000000] x86/PAT: Configuration [0-7]: WB  WT  UC- UC  WB  WT  UC- UC  
[    0.000000] found SMP MP-table at [mem 0x0009fff0-0x0009ffff] mapped at [ffff88000009fff0]
[    0.000000] Scanning 1 areas for low memory corruption
[    0.000000] RAMDISK: [mem 0x362fa000-0x37174fff]
[    0.000000] ACPI: Early table checksum verification disabled
[    0.000000] ACPI: RSDP 0x00000000000E0000 000024 (v02 VBOX  )
[    0.000000] ACPI: XSDT 0x000000003FFF0030 00003C (v01 VBOX   VBOXXSDT 00000001 ASL  00000061)
[    0.000000] ACPI: FACP 0x000000003FFF00F0 0000F4 (v04 VBOX   VBOXFACP 00000001 ASL  00000061)
[    0.000000] ACPI: DSDT 0x000000003FFF0470 0021FF (v02 VBOX   VBOXBIOS 00000002 INTL 20180105)
[    0.000000] ACPI: FACS 0x000000003FFF0200 000040
[    0.000000] ACPI: FACS 0x000000003FFF0200 000040
[    0.000000] ACPI: APIC 0x000000003FFF0240 00005C (v02 VBOX   VBOXAPIC 00000001 ASL  00000061)
[    0.000000] ACPI: SSDT 0x000000003FFF02A0 0001CC (v01 VBOX   VBOXCPUT 00000002 INTL 20180105)
[    0.000000] No NUMA configuration found
[    0.000000] Faking a node at [mem 0x0000000000000000-0x000000003ffeffff]
[    0.000000] NODE_DATA(0) allocated [mem 0x3ffeb000-0x3ffeffff]
[    0.000000] kvm-clock: Using msrs 4b564d01 and 4b564d00
[    0.000000] kvm-clock: cpu 0, msr 0:3ffe3001, primary cpu clock
[    0.000000] kvm-clock: using sched offset of 4964473591 cycles
[    0.000000] clocksource: kvm-clock: mask: 0xffffffffffffffff max_cycles: 0x1cd42e4dffb, max_idle_ns: 881590591483 ns
[    0.000000] Zone ranges:
[    0.000000]   DMA      [mem 0x0000000000001000-0x0000000000ffffff]
[    0.000000]   DMA32    [mem 0x0000000001000000-0x000000003ffeffff]
[    0.000000]   Normal   empty
[    0.000000]   Device   empty
[    0.000000] Movable zone start for each node
[    0.000000] Early memory node ranges
[    0.000000]   node   0: [mem 0x0000000000001000-0x000000000009efff]
[    0.000000]   node   0: [mem 0x0000000000100000-0x000000003ffeffff]
[    0.000000] Initmem setup node 0 [mem 0x0000000000001000-0x000000003ffeffff]
[    0.000000] ACPI: PM-Timer IO Port: 0x4008
[    0.000000] IOAPIC[0]: apic_id 2, version 32, address 0xfec00000, GSI 0-23
[    0.000000] ACPI: INT_SRC_OVR (bus 0 bus_irq 0 global_irq 2 dfl dfl)
[    0.000000] ACPI: INT_SRC_OVR (bus 0 bus_irq 9 global_irq 9 low level)
[    0.000000] Using ACPI (MADT) for SMP configuration information
[    0.000000] smpboot: Allowing 2 CPUs, 0 hotplug CPUs
[    0.000000] PM: Registered nosave memory: [mem 0x00000000-0x00000fff]
[    0.000000] PM: Registered nosave memory: [mem 0x0009f000-0x0009ffff]
[    0.000000] PM: Registered nosave memory: [mem 0x000a0000-0x000effff]
[    0.000000] PM: Registered nosave memory: [mem 0x000f0000-0x000fffff]
[    0.000000] e820: [mem 0x40000000-0xfebfffff] available for PCI devices
[    0.000000] Booting paravirtualized kernel on KVM
[    0.000000] clocksource: refined-jiffies: mask: 0xffffffff max_cycles: 0xffffffff, max_idle_ns: 7645519600211568 ns
[    0.000000] setup_percpu: NR_CPUS512 nr_cpumask_bits:512 nr_cpu_ids:2 nr_node_ids:1
[    0.000000] PERCPU: Embedded 34 pages/cpu @ffff88003fc00000 s99480 r8192 d31592 u1048576
[    0.000000] Built 1 zonelists in Node order, mobility grouping on.  Total pages: 257912
[    0.000000] Policy zone: DMA32
[    0.000000] Kernel command line: BOOT_IMAGE=/boot/vmlinuz-4.4.0-154-generic root=LABEL=cloudimg-rootfs ro console=tty1 console=ttyS0
[    0.000000] PID hash table entries: 4096 (order: 3, 32768 bytes)
[    0.000000] Memory: 997732K/1048120K available (8613K kernel code, 1335K rwdata, 4028K rodata, 1484K init, 1284K bss, 50388K reserved, 0K cma-reserved)
[    0.000000] SLUB: HWalign=64, Order=0-3, MinObjects=0, CPUs=2, Nodes=1
[    0.000000] Kernel/User page tables isolation: enabled
[    0.000000] Hierarchical RCU implementation.
[    0.000000] 	Build-time adjustment of leaf fanout to 64.
[    0.000000] 	RCU restricting CPUs from NR_CPUS=512 to nr_cpu_ids=2.
[    0.000000] RCU: Adjusting geometry for rcu_fanout_leaf=64, nr_cpu_ids=2
[    0.000000] NR_IRQS:33024 nr_irqs:440 16
[    0.000000] Console: colour VGA+ 80x25
[    0.000000] console [tty1] enabled
[    0.000000] console [ttyS0] enabled
[    0.000000] tsc: Detected 2992.498 MHz processor
[    1.857314] Calibrating delay loop (skipped) preset value.. 5984.99 BogoMIPS (lpj=11969992)
[    1.895848] pid_max: default: 32768 minimum: 301
[    1.962299] ACPI: Core revision 20150930
[    1.965003] ACPI: 2 ACPI AML tables successfully acquired and loaded
[    1.967165] Security Framework initialized
[    1.968592] Yama: becoming mindful.
[    1.992590] AppArmor: AppArmor initialized
[    2.039598] Dentry cache hash table entries: 131072 (order: 8, 1048576 bytes)
[    2.108274] Inode-cache hash table entries: 65536 (order: 7, 524288 bytes)
[    2.219879] Mount-cache hash table entries: 2048 (order: 2, 16384 bytes)
[    2.221848] Mountpoint-cache hash table entries: 2048 (order: 2, 16384 bytes)
[    2.244494] Initializing cgroup subsys io
[    2.291508] Initializing cgroup subsys memory
[    2.342302] Initializing cgroup subsys devices
[    2.395427] Initializing cgroup subsys freezer
[    2.407601] Initializing cgroup subsys net_cls
[    2.462288] Initializing cgroup subsys perf_event
[    2.492800] Initializing cgroup subsys net_prio
[    2.563613] Initializing cgroup subsys hugetlb
[    2.635464] Initializing cgroup subsys pids
[    2.637017] mce: CPU supports 0 MCE banks
[    2.638467] Last level iTLB entries: 4KB 128, 2MB 4, 4MB 4
[    2.673246] Last level dTLB entries: 4KB 256, 2MB 0, 4MB 32, 1GB 0
[    2.675113] Spectre V2 : Mitigation: Full generic retpoline
[    2.676851] Spectre V2 : Spectre v2 / SpectreRSB mitigation: Filling RSB on context switch
[    2.717350] Speculative Store Bypass: Vulnerable
[    2.719813] MDS: Vulnerable: Clear CPU buffers attempted, no microcode
[    2.766218] Freeing SMP alternatives memory: 36K
[    2.781893] ftrace: allocating 32299 entries in 127 pages
[    2.909270] smpboot: APIC(0) Converting physical 0 to logical package 0
[    2.942236] smpboot: Max logical packages: 1
[    2.944297] x2apic enabled
[    2.945943] Switched APIC routing to physical x2apic.
[    2.963979] ..TIMER: vector=0x30 apic1=0 pin1=2 apic2=-1 pin2=-1
[    3.119268] smpboot: CPU0: Intel(R) Core(TM)2 Duo CPU     E8400  @ 3.00GHz (family: 0x6, model: 0x17, stepping: 0xa)
[    3.145392] Performance Events: unsupported p6 CPU model 23 no PMU driver, software events only.
[    3.246426] KVM setup paravirtual spinlock
[    3.249436] x86: Booting SMP configuration:
[    3.250872] .... node  #0, CPUs:      #1
[    3.262008] kvm-clock: cpu 1, msr 0:3ffe3041, secondary cpu clock
[    3.273388] mce: CPU supports 0 MCE banks
[    3.276562] x86: Booted up 1 node, 2 CPUs
[    3.278454] smpboot: Total of 2 processors activated (11969.99 BogoMIPS)
[    3.281026] devtmpfs: initialized
[    3.285072] evm: security.selinux
[    3.286312] evm: security.SMACK64
[    3.287575] evm: security.SMACK64EXEC
[    3.294233] evm: security.SMACK64TRANSMUTE
[    3.295662] evm: security.SMACK64MMAP
[    3.296979] evm: security.ima
[    3.298151] evm: security.capability
[    3.299650] clocksource: jiffies: mask: 0xffffffff max_cycles: 0xffffffff, max_idle_ns: 7645041785100000 ns
[    3.302762] futex hash table entries: 512 (order: 3, 32768 bytes)
[    3.304808] pinctrl core: initialized pinctrl subsystem
[    3.306636] RTC time: 17:22:23, date: 08/22/19
[    3.308550] NET: Registered protocol family 16
[    3.319041] cpuidle: using governor ladder
[    3.331092] cpuidle: using governor menu
[    3.357110] PCCT header not found.
[    3.358421] ACPI: bus type PCI registered
[    3.359835] acpiphp: ACPI Hot Plug PCI Controller Driver version: 0.5
[    3.361872] PCI: Using configuration type 1 for base access
[    3.379772] ACPI: Added _OSI(Module Device)
[    3.381203] ACPI: Added _OSI(Processor Device)
[    3.382690] ACPI: Added _OSI(3.0 _SCP Extensions)
[    3.447708] ACPI: Added _OSI(Processor Aggregator Device)
[    3.520570] ACPI: Executed 1 blocks of module-level executable AML code
[    3.532796] ACPI: Interpreter enabled
[    3.534128] ACPI: (supports S0 S5)
[    3.535408] ACPI: Using IOAPIC for interrupt routing
[    3.537198] PCI: Using host bridge windows from ACPI; if necessary, use "pci=nocrs" and report a bug
[    3.545817] ACPI: PCI Root Bridge [PCI0] (domain 0000 [bus 00-ff])
[    3.547694] acpi PNP0A03:00: _OSC: OS supports [ASPM ClockPM Segments MSI]
[    3.649062] acpi PNP0A03:00: _OSC: not requesting OS control; OS requires [ExtendedConfig ASPM ClockPM MSI]
[    3.675024] acpi PNP0A03:00: fail to add MMCONFIG information, can't access extended PCI configuration space under this bridge.
[    3.678791] PCI host bridge to bus 0000:00
[    3.756909] pci_bus 0000:00: root bus resource [io  0x0000-0x0cf7 window]
[    3.824310] pci_bus 0000:00: root bus resource [io  0x0d00-0xffff window]
[    3.826299] pci_bus 0000:00: root bus resource [mem 0x000a0000-0x000bffff window]
[    3.903869] pci_bus 0000:00: root bus resource [mem 0x40000000-0xfdffffff window]
[    3.906535] pci_bus 0000:00: root bus resource [bus 00-ff]
[    4.015732] pci 0000:00:01.1: legacy IDE quirk: reg 0x10: [io  0x01f0-0x01f7]
[    4.089002] pci 0000:00:01.1: legacy IDE quirk: reg 0x14: [io  0x03f6]
[    4.090939] pci 0000:00:01.1: legacy IDE quirk: reg 0x18: [io  0x0170-0x0177]
[    4.167848] pci 0000:00:01.1: legacy IDE quirk: reg 0x1c: [io  0x0376]
[    4.194212] pci 0000:00:07.0: quirk: [io  0x4000-0x403f] claimed by PIIX4 ACPI
[    4.197964] pci 0000:00:07.0: quirk: [io  0x4100-0x410f] claimed by PIIX4 SMB
[    4.208253] ACPI: PCI Interrupt Link [LNKA] (IRQs 5 9 10 *11)
[    4.213445] ACPI: PCI Interrupt Link [LNKB] (IRQs 5 9 *10 11)
[    4.215893] ACPI: PCI Interrupt Link [LNKC] (IRQs 5 *9 10 11)
[    4.218307] ACPI: PCI Interrupt Link [LNKD] (IRQs 5 9 10 *11)
[    4.220844] ACPI: Enabled 2 GPEs in block 00 to 07
[    4.245775] vgaarb: setting as boot device: PCI:0000:00:02.0
[    4.247531] vgaarb: device added: PCI:0000:00:02.0,decodes=io+mem,owns=io+mem,locks=none
[    4.255438] vgaarb: loaded
[    4.256552] vgaarb: bridge control possible 0000:00:02.0
[    4.258861] SCSI subsystem initialized
[    4.260692] ACPI: bus type USB registered
[    4.262149] usbcore: registered new interface driver usbfs
[    4.263911] usbcore: registered new interface driver hub
[    4.267955] usbcore: registered new device driver usb
[    4.270036] PCI: Using ACPI for IRQ routing
[    4.272217] NetLabel: Initializing
[    4.293070] NetLabel:  domain hash size = 128
[    4.294533] NetLabel:  protocols = UNLABELED CIPSOv4
[    4.328715] NetLabel:  unlabeled traffic allowed by default
[    4.365315] amd_nb: Cannot enumerate AMD northbridges
[    4.367084] clocksource: Switched to clocksource kvm-clock
[  4.383249] AppArmor: AppArmor Filesystem Enabled
[    4.444515] pnp: PnP ACPI init
[    4.446812] p: PnP ACPI: found 3 devices

[    4.519745] clocksource: acpi_pm: mask: 0xffffff max_cycles: 0xffffff, max_idle_ns: 2085701024 ns
[    4.522815] NET: Registered protocol family 2
[    4.524870] TCP established hash table entries: 8192 (order: 4, 65536 bytes)
[    4.527041] TCP bind hash table entries: 8192 (order: 5, 131072 bytes)
[    4.529068] TCP: Hash tables configured (established 8192 bind 8192)
[    4.531070] UDP hash table entries: 512 (order: 2, 16384 bytes)
[    4.532952] UDP-Lite hash table entries: 512 (order: 2, 16384 bytes)
[    4.534978] NET: Registered protocol family 1
[    4.536576] pci 0000:00:00.0: Limiting direct PCI/PCI transfers
[    4.538488] pci 0000:00:01.0: Activating ISA DMA hang workarounds
[    4.540693] Unpacking initramfs...
[  4799668] Freeing initrd memory: 14828K
[    4.892405] clocksource: tsc: mask: 0xffffffffffffffff max_cycles: 0x2b2296bc2b9, max_idle_ns: 440795321505 ns
[    4.895697] platform rtc_cmos: registered platform RTC device (no PNP device found)
[    4.898503] Scanning for low memory couption every 60 seconds

[    4.962040] audit: initializing netlink subsys (disabled)
[    4.963874] audit: type=2000 audit(1566494547.485:1): initialized
[    4.966182] Initialise system trusted keyring
[    4.967973] HugeTLB registered 2 MB page size, pre-allocated 0 pages
[    4.971969] zbud: loaded
[    4.973500] VFS: Disk quotas dquot_6.6.0
[    4.975003] VFS: Dquot-cache hash table entries: 512 (order 0, 4096 bytes)
[    5.027045] squashfs: version 4.0 (2009/01/31) PhillipLougher

[    5.103311] fuse init (API version 7.23)
[    5.182718] Key type big_key registered
[    5.184175] Allocating IMA MOK and blacklist keyrings.
[    5.187387] Key type asymmetric registered
[    5.188882] Asymmetric key parser 'x509' registered
[    5.190595] Block layer SCSI generic (bsg) driver version 0.4 loaded (major 249)
[    5.277693] io scheduler noop registered
[    5.339971] io scheduler deadline registered (default)
[    5.349010] io scheduler cfq registered
[    5.350564] pci_hotplug: PCI Hot Plug PCI Core version: 0.5
[    5.380100] pciehp: PCI Express Hot Plug Controller Driver version: 0.4
[    5.394060] ACPI: AC Adapter [AC] (on-line)
[    5.395686] input: Power Button as /devices/LNXSYSTM:00/LNXPWRBN:00/input/input0
[    5.398360] ACPI: Power Button [PWRF]
[    5.399843] input: Sleep Button as /devices/LNXSYSTM:00/LNXSLPBN:00/input/input1
[    5.486068] ACPI: Sleep Button [SLPF]
[    5.492985] GHES: HEST is not enabled!
[    5.494530] Serial: 8250/16550 driver, 32 ports, IRQ sharing enabled
[    5.519353] 00:02: ttyS0 at I/O 0x3f8 (irq = 4, base_baud = 115200) is a 16550A
[    5.525497] Linux agpgart interface v0.103
[    5.529731] loop: module loaded
[    5.531988] scsi host0: ata_piix
[    5.533442] scsi host1: ata_piix
[    5.534730] ata1: PATA max UDMA/33 cmd 0x1f0 ctl 0x3f6 bmdma 0xd000 irq 14
[    5.536823] ata2: PATA max UDMA/33 cmd 0x170 ctl 0x376 bmdma 0xd008 irq 15
[    5.539006] libphy: Fixed MDIO Bus: probed
[    5.540569] tun: Universal TUN/TAP device driver, 1.6
[    5.542201] tun: (C) 1999-2004 Max Krasnyansky <maxk@qualcomm.com>
[    5.544151] PPP generic driver version 2.4.2
[    5.545707] ehci_hcd: USB 2.0 'Enhanced' Host Controller (EHCI) Driver
[    5.547686] ehci-pci: EHCI PCI platform driver
[    5.552927] ehci-platform: EHCI generic platform driver
[    5.554602] ohci_hcd: USB 1.1 'Open' Host Controller (OHCI) Driver
[    5.612819] ohci-pci: OHCI PCI platform driver
[    5.642788] ohci-platform: OHCI generic platform driver
[    5.653036] uhci_hcd: USB Universal Host Controller Interface driver
[    5.655177] i8042: PNP: PS/2 Controller [PNP0303:PS2K,PNP0f03:PS2M] at 0x60,0x64 irq 1,12
[    5.658747] serio: i8042 KBD port at 0x60,0x64 irq 1
[    5.682964] serio: i8042 AUX port at 0x60,0x64 irq 12
[    5.684826] mousedev: PS/2 mouse device common for all mice
[    5.687433] input: AT Translated Set 2 keyboard as /devices/platform/i8042/serio0/input/input2
[    5.690398] rtc_cmos rtc_cmos: rtc core: registered rtc_cmos as rtc0
[    5.793255] rtc_cmos rtc_cmos: alarms up to one day, 114 bytes nvram
[    5.812531] i2c /dev entries driver
[    5.822624] device-mapper: uevent: version 1.0.3
[    5.824397] device-mapper: ioctl: 4.34.0-ioctl (2015-10-28) initialised: dm-devel@redhat.com
[    5.827318] ledtrig-cpu: registered to indicate activity on CPUs
[    5.874202] NET: Registered protocol family 10
[    5.893582] NET: Registered protocol family 17
[    5.895256] Key type dns_resolver registered
[    5.933099] registered taskstats version 1
[    5.934719] Loading compiled-in X.509 certificates
[    5.973482] Loaded X.509 cert 'Build time autogenerated kernel key: 65139e04a67245b562a838c28b5e7032abdd4348'
[    6.023776] zswap: loaded using pool lzo/zbud
[    6.056622] Key type trusted registered
[    6.084647] Key type encrypted registered
[    6.102925] AppArmor: AppArmor sha1 policy hashing enabled
[    6.104814] ima: No TPM chip found, activating TPM-bypass!
[    6.106632] ima: Allocated hash algorithm: sha1
[    6.108297] evm: HMAC attrs: 0x1
[    6.109986]   Magic number: 15:292:391
[    6.111611] rtc_cmos rtc_cmos: setting system clock to 2019-08-22 17:22:26 UTC (1566494546)
[    6.114716] BIOS EDD facility v0.16 2004-Jun-25, 0 devices found
[    6.116699] EDD information not available.
[    6.141815] Freeing unused kernel memory: 1484K
[    6.199256] Write protecting the kernel read-only data: 14336k
[    6.226318] Freeing unused kernel memory: 1616K
[    6.228285] Freeing unused kernel memory: 68K
Loading, please wait...
starting version 229
[    6.372371] random: systemd-udevd: uninitialized urandom read (16 bytes read, 3 bits of entropy available)
[    6.379476] random: systemd-udevd: uninitialized urandom read (16 bytes read, 3 bits of entropy available)
[    6.383772] random: udevadm: uninitialized urandom read (16 bytes read, 3 bits of entropy available)
[    6.383872] random: udevadm: uninitialized urandom read (16 bytes read, 3 bits of entropy available)
[    6.394463] random: systemd-udevd: uninitialized urandom read (16 bytes read, 3 bits of entropy available)
[    6.399591] random: systemd-udevd: uninitialized urandom read (16 bytes read, 3 bits of entropy available)
[    6.432433] random: systemd-udevd: uninitialized urandom read (16 bytes read, 3 bits of entropy available)
[    6.437408] random: systemd-udevd: uninitialized urandom read (16 bytes read, 3 bits of entropy available)
[    6.442394] random: systemd-udevd: uninitialized urandom read (16 bytes read, 3 bits of entropy available)
[    6.453519] random: systemd-udevd: uninitialized urandom read (16 bytes read, 3 bits of entropy available)
[    6.838734] e1000: Intel(R) PRO/1000 Network Driver - version 7.3.21-k8-NAPI
[    6.843537] e1000: Copyright (c) 1999-2006 Intel Corporation.
[    6.849957] Fusion MPT base driver 3.04.20
[    6.854505] Copyright (c) 1999-2008 LSI Corporation
[    6.902233] Fusion MPT SPI Host driver 3.04.20
[    7.079350] input: ImExPS/2 Generic Explorer Mouse as /devices/platform/i8042/serio1/input/input4
[    7.367078] e1000 0000:00:03.0 eth0: (PCI:33MHz:32-bit) 02:1e:e5:6d:71:21
[    7.449357] e1000 0000:00:03.0 eth0: Intel(R) PRO/1000 Network Connection
[    7.455526] e1000 0000:00:03.0 enp0s3: renamed from eth0
[    7.469161] mptbase: ioc0: Initiating bringup
[    7.562007] ioc0: LSI53C1030 A0: Capabilities={Initiator}
[    8.613146] scsi host2: ioc0: LSI53C1030 A0, FwRev=00000000h, Ports=1, MaxQ=256, IRQ=20
[    8.761890] scsi 2:0:0:0: Direct-Access     VBOX     HARDDISK         1.0  PQ: 0 ANSI: 5
[    9.278465] scsi target2:0:0: Beginning Domain Validation
[    9.286805] scsi target2:0:0: Domain Validation skipping write tests
[    9.297598] scsi target2:0:0: Ending Domain Validation
[    9.299312] scsi target2:0:0: asynchronous
[    9.301245] scsi 2:0:1:0: Direct-Access     VBOX     HARDDISK         1.0  PQ: 0 ANSI: 5
[    9.304017] scsi target2:0:1: Beginning Domain Validation
[    9.306665] scsi target2:0:1: Domain Validation skipping write tests
[    9.388277] scsi target2:0:1: Ending Domain Validation
[    9.390038] scsi target2:0:1: asynchronous
[    9.398574] sd 2:0:0:0: Attached scsi generic sg0 type 0
[    9.400547] sd 2:0:0:0: [sda] 20971520 512-byte logical blocks: (10.7 GB/10.0 GiB)
[    9.403644] sd 2:0:1:0: [sdb] 20480 512-byte logical blocks: (10.5 MB/10.0 MiB)
[    9.407208] sd 2:0:0:0: [sda] Write Protect is off
[    9.407362] sd 2:0:1:0: [sdb] Write Protect is off
[    9.407472] sd 2:0:1:0: [sdb] Incomplete mode parameter data
[    9.407473] sd 2:0:1:0: [sdb] Assuming drive cache: write through
[    9.413429] sd 2:0:1:0: Attached scsi generic sg1 type 0
[    9.437087] sd 2:0:0:0: [sda] Incomplete mode parameter data
[    9.449890] sd 2:0:1:0: [sdb] Attached SCSI disk
[    9.490440] sd 2:0:0:0: [sda] Assuming drive cache: write through
[    9.512796]  sda: sda1
[    9.614125] sd 2:0:0:0: [sda] Attached SCSI disk
Begin: Loading essential drivers ... [   11.987472] md: linear personality registered for level -1
[   12.015256] md: multipath personality registered for level -4
[   12.037513] md: raid0 personality registered for level 0
[   12.066472] md: raid1 personality registered for level 1
[   12.171466] raid6: sse2x1   gen()  5264 MB/s
[   12.271482] raid6: sse2x1   xor()  5120 MB/s
[   12.371475] raid6: sse2x2   gen()  6646 MB/s
[   12.471475] raid6: sse2x2   xor()  6558 MB/s
[   12.551485] raid6: sse2x4   gen()  9391 MB/s
[   12.631466] raid6: sse2x4   xor()  7367 MB/s
[   12.632965] raid6: using algorithm sse2x4 gen() 9391 MB/s
[   12.634786] raid6: .... xor() 7367 MB/s, rmw enabled
[   12.636471] raid6: using ssse3x2 recovery algorithm
[   12.642465] xor: measuring software checksum speed
[   12.683102]    prefetch64-sse: 11765.000 MB/sec
[   12.731101]    generic_sse: 10218.000 MB/sec
[   12.732622] xor: using function: prefetch64-sse (11765.000 MB/sec)
[   12.738652] async_tx: api initialized (async)
[   12.809764] md: raid6 personality registered for level 6
[   12.838896] md: raid5 personality registered for level 5
[   12.847757] md: raid4 personality registered for level 4
[   12.930022] md: raid10 personality registered for level 10
done.
Begin: Running /scripts/init-premount ... done.
Begin: Mounting root file system ... Begin: Running /scripts/local-top ... done.
Begin: Running /scripts/local-premount ... [   13.096004] Btrfs loaded
Scanning for Btrfs filesystems
done.
Warning: fsck not present, so skipping root file system
[   13.312274] EXT4-fs (sda1): mounted filesystem with ordered data mode. Opts: (null)
done.
Begin: Running /scripts/local-bottom ... done.
Begin: Running /scripts/init-bottom ... done.
[   14.127513] systemd[1]: systemd 229 running in system mode. (+PAM +AUDIT +SELINUX +IMA +APPARMOR +SMACK +SYSVINIT +UTMP +LIBCRYPTSETUP +GCRYPT +GNUTLS +ACL +XZ -LZ4 +SECCOMP +BLKID +ELFUTILS +KMOD -IDN)
[   14.137029] systemd[1]: Detected virtualization oracle.
[   14.138728] systemd[1]: Detected architecture x86-64.

Welcome to [1mUbuntu 16.04.6 LTS[0m!

[   14.157713] systemd[1]: Set hostname to <ubuntu>.
[   14.179796] systemd[1]: Initializing machine ID from random generator.
[   14.181982] systemd[1]: Installed transient /etc/machine-id file.
[   14.249157] random: nonblocking pool is initialized
[   15.142487] systemd[1]: Reached target Encrypted Volumes.
[[0;32m  OK  [0m] Reached target Encrypted Volumes.
[   15.157602] systemd[1]: Listening on udev Control Socket.
[[0;32m  OK  [0m] Listening on udev Control Socket.
[   15.162345] systemd[1]: Started Forward Password Requests to Wall Directory Watch.
[[0;32m  OK  [0m] Started Forward Password Requests to Wall Directory Watch.
[   15.178276] systemd[1]: Listening on Journal Socket (/dev/log).
[[0;32m  OK  [0m] Listening on Journal Socket (/dev/log).
[   15.184148] systemd[1]: Started Trigger resolvconf update for networkd DNS.
[[0;32m  OK  [0m] Started Trigger resolvconf update for networkd DNS.
[   15.206596] systemd[1]: Listening on Syslog Socket.
[[0;32m  OK  [0m] Listening on Syslog Socket.
[   15.248401] systemd[1]: Listening on Journal Socket.
[[0;32m  OK  [0m] Listening on Journal Socket.
[   15.290203] systemd[1]: Listening on LVM2 metadata daemon socket.
[[0;32m  OK  [0m] Listening on LVM2 metadata daemon socket.
[   15.333664] systemd[1]: Created slice User and Session Slice.
[[0;32m  OK  [0m] Created slice User and Session Slice.
[   15.376422] systemd[1]: Created slice System Slice.
[[0;32m  OK  [0m] Created slice System Slice.
[   15.436411] systemd[1]: Starting Uncomplicated firewall...
         Starting Uncomplicated firewall...
[   15.449151] systemd[1]: Starting Remount Root and Kernel File Systems...
         Starting Remount Root and Kernel File Systems...
[   15.465820] systemd[1]: Mounting Huge Pages File System...
         Mounting Huge Pages File System...
[   15.500351] systemd[1]: Reached target Slices.
[[0;32m  OK  [0m] Reached target Slices.
[   15.527207] EXT4-fs (sda1): re-mounted. Opts: (null)
[   15.531529] systemd[1]: Mounting POSIX Message Queue File System...
         Mounting POSIX Message Queue File System...
[   15.580544] systemd[1]: Starting Create list of required static device nodes for the current kernel...
         Starting Create list of required st... nodes for the current kernel...
[   15.598633] systemd[1]: Listening on Journal Audit Socket.
[[0;32m  OK  [0m] Listening on Journal Audit Socket.
[   15.635584] systemd[1]: Starting Journal Service...
         Starting Journal Service...
[   15.643280] systemd[1]: Set up automount Arbitrary Executable File Formats File System Automount Point.
[[0;32m  OK  [0m] Set up automount Arbitrary Executab...ats File System Automount Point.
[   15.675648] systemd[1]: Listening on udev Kernel Socket.
[[0;32m  OK  [0m] Listening on udev Kernel Socket.
[   15.682724] systemd[1]: Listening on Device-mapper event daemon FIFOs.
[[0;32m  OK  [0m] Listening on Device-mapper event daemon FIFOs.
[   15.695891] systemd[1]: Reached target System Time Synchronized.
[[0;32m  OK  [0m] Reached target System Time Synchronized.
[   15.720021] systemd[1]: Starting Nameserver information manager...
         Starting Nameserver information manager...
[   15.755832] systemd[1]: Reached target Swap.
[[0;32m  OK  [0m] Reached target Swap.
[   15.765163] systemd[1]: Created slice system-serial\x2dgetty.slice.
[[0;32m  OK  [0m] Created slice system-serial\x2dgetty.slice.
[   15.816576] systemd[1]: Starting Load Kernel Modules...
         Starting Load Kernel Modules...
[   15.820460] systemd[1]: Reached target User and Group Name Lookups.
[[0;32m  OK  [0m] Reached target User and Group Name Lookups.
[   15.846742] systemd[1]: Mounting Debug File System...
         Mounting Debug File System...
[   15.879774] systemd[1]: Starting Monitoring of LVM2 mirrors, snapshots etc. using dmeventd or progress polling...
         Starting Monitoring of LVM2 mirrors... dmeventd or progress polling...
[   15.911096] systemd[1]: Listening on /dev/initctl Compatibility Named Pipe.
[[0;32m  OK  [[   15.920231] Loading iSCSI transport class v2.0-870.
0m] Listening on /dev/initctl Compatibility Named Pipe.
[   15.924187] systemd[1]: Listening on LVM2 poll daemon socket.
[[0;32m  OK  [0m] Listening on LVM2 poll daemon socket.
[   15.961725] iscsi: registered transport (tcp)
[   16.014391] systemd[1]: Starting Set console keymap...
         Starting Set console keymap...
[   16.048811] systemd[1]: Mounted POSIX Message Queue File System.
[[0;32m  OK  [0m] Mounted POSIX Message Queue File System.
[   16.064631] systemd[1]: Mounted Huge Pages File System.
[[0;32m  OK  [0m] Mounted Huge Pages File System.
[   16.069019] systemd[1]: Mounted Debug File System.
[[0;32m  OK  [0m] Mounted Debug File System.
[   16.079857] systemd[1]: Started Journal Service.
[[0;32m  OK  [0m] Started Journal Service.
[[0;32m  OK  [0m] Started Uncomplicated firewall.
[[0;32m  OK  [0m] Started Remount Root and Kernel File Systems.
[[0;32m  OK  [0m] Started Create list of required sta...ce nodes for the current kernel.
[[0;32m  OK  [0m] Started Nameserver information manager.
[   16.347317] iscsi: registered transport (iser)
[[0;32m  OK  [0m] Started Load Kernel Modules.
         Mounting FUSE Control File System...
         Starting Apply Kernel Variables...
[[0;32m  OK  [0m] Started LVM2 metadata daemon.
         Starting Create Static Device Nodes in /dev...
         Starting udev Coldplug all Devices...
         Starting Load/Save Random Seed...
         Starting Flush Journal to Persistent Storage...
[[0;32m  OK  [0m] Mounted FUSE Control File System.
[[0;32m  OK  [0m] Started Apply Kernel Variables.
[[0;32m  OK  [0m] Started Load/Save Random Seed.
[[0;32m  OK  [0m] Started Set console keymap.
[[0;32m  OK  [0m] Started Flush Journal to Persistent Storage.
[[0;32m  OK  [0m] Started Monitoring of LVM2 mirrors,...ng dmeventd or progress polling.
[[0;32m  OK  [0m] Started Create Static Device Nodes in /dev.
[[0;32m  OK  [0m] Reached target Local File Systems (Pre).
[[0;32m  OK  [0m] Reached target Local File Systems.
         Starting Initial cloud-init job (pre-networking)...
         Starting LSB: AppArmor initialization...
         Starting Tell Plymouth To Write Out Runtime Data...
         Starting Set console font and keymap...
         Starting Create Volatile Files and Directories...
         Starting Commit a transient machine-id on disk...
         Starting udev Kernel Device Manager...
[[0;32m  OK  [0m] Started Tell Plymouth To Write Out Runtime Data.
[[0;32m  OK  [0m] Started Commit a transient machine-id on disk.
[[0;32m  OK  [0m] Started Create Volatile Files and Directories.
         Starting Update UTMP about System Boot/Shutdown...
[[0;32m  OK  [0m] Started Update UTMP about System Boot/Shutdown.
[[0;32m  OK  [0m] Started udev Kernel Device Manager.
[[0;32m  OK  [0m] Started udev Coldplug all Devices.
[[0;32m  OK  [0m] Started Dispatch Password Requests to Console Directory Watch.
[[0;32m  OK  [0m] Found device /dev/ttyS0.
[[0;32m  OK  [0m] Listening on Load/Save RF Kill Switch Status /dev/rfkill Watch.
[[0;32m  OK  [0m] Started LSB: AppArmor initialization.
[   20.433666] cloud-init[457]: Cloud-init v. 19.1-1-gbaa47854-0ubuntu1~16.04.1 running 'init-local' at Thu, 22 Aug 2019 17:22:43 +0000. Up 18.78 seconds.
[[0;32m  OK  [0m] Started Initial cloud-init job (pre-networking).
[[0;32m  OK  [0m] Reached target Network (Pre).
         Starting Raise network interfaces...
[[0;32m  OK  [0m] Started Set console font and keymap.
[[0;32m  OK  [0m] Created slice system-getty.slice.
[[0;32m  OK  [0m] Started Raise network interfaces.
         Starting Initial cloud-init job (metadata service crawler)...
[[0;32m  OK  [0m] Reached target Network.
[   27.349262] cloud-init[957]: Cloud-init v. 19.1-1-gbaa47854-0ubuntu1~16.04.1 running 'init' at Thu, 22 Aug 2019 17:22:48 +0000. Up 24.20 seconds.
[   27.364610] cloud-init[957]: ci-info: ++++++++++++++++++++++++++++++++++++++Net device info++++++++++++++++++++++++++++++++++++++
[   27.405513] cloud-init[957]: ci-info: +--------+------+----------------------------+---------------+--------+-------------------+
[   27.436871] cloud-init[957]: ci-info: | Device |  Up  |          Address           |      Mask     | Scope  |     Hw-Address    |
[   27.497722] cloud-init[957]: ci-info: +--------+------+----------------------------+---------------+--------+-------------------+
[   27.589062] cloud-init[957]: ci-info: | enp0s3 | True |         10.0.2.15          | 255.255.255.0 | global | 02:1e:e5:6d:71:21 |
[   27.613054] cloud-init[957]: ci-info: | enp0s3 | True | fe80::1e:e5ff:fe6d:7121/64 |       .       |  link  | 02:1e:e5:6d:71:21 |
[   27.755250] [[0;32m  OK  [0m] Started Initial cloud-init job (metadata service crawler).
[[0;32m  OK  [0m] Reached target System Initialization.
cloud-init[957]: ci-info: |   lo   | True |         127.0.0.1          |   255.0.0.0   |  host  |         .         |
[   27.794969] cloud-init[957]: ci-info: |   lo   | True |          ::1/128           |       .       |  host  |         .         |
[   27.806915] cloud-init[957]: ci-info: +--------+------+----------------------------+---------------+--------+-------------------+
         Starting LXD - unix socket.
[   27.819290] cloud-init[957]: ci-info: +++++++++++++++++++++++++++Route IPv4 info++++++++++++++++++++++++++++
[   27.830267] cloud-init[957]: ci-info: +-------+-------------+----------+---------------+-----------+-------+
[   27.844648] cloud-init[957]: ci-info: | Route | Destination | Gateway  |    Genmask    | Interface | Flags |
[   27.848082] cloud-init[957]: ci-info: +-------+-------------+----------+---------------+-----------+-------+
[[0;32m  OK  [0m] Started ACPI Events Check.
[[0;32m  OK  [0m] Reached target Paths.
[[0;32m  OK  [0m] Listening on UUID daemon activation socket.
[   27.848572] cloud-init[957]: ci-info: |   0   |   0.0.0.0   | 10.0.2.2 |    0.0.0.0    |   enp0s3  |   UG  |
[   28.184528] cloud-init[957]: ci-info: |   1   |   10.0.2.0  | 0.0.0.0  | 255.255.255.0 |   enp0s3  |   U   |
[   28.300662] cloud-init[957]: ci-info: +-------+-------------+----------+---------------+-----------+-------+
[   28.362224] cloud-init[957]: ci-info: +++++++++++++++++++Route IPv6 info+++++++++++++++++++
[   28.416588] cloud-init[957]: ci-info: +-------+-------------+---------+-----------+-------+
         Starting Socket activation for snappy daemon.
[[   28.419349] cloud-init[957]: ci-info: | Route | Destination | Gateway | Interface | Flags |
[   28.516143] cloud-init[957]: ci-info: +-------+-------------+---------+-----------+-------+
[   28.516669] cloud-init[957]: ci-info: |   0   |  fe80::/64  |    ::   |   enp0s3  |   U   |
[   28.516998] cloud-init[957]: ci-info: |   4   |   ff00::/8  |    ::   |   enp0s3  |   U   |
[   28.517237] cloud-init[957]: ci-info: +-------+-------------+---------+-----------+-------+
[   28.518137] cloud-init[957]: Generating public/private rsa key pair.
[   28.518389] cloud-init[957]: Your identification has been saved in /etc/ssh/ssh_host_rsa_key.
[   28.518637] cloud-init[957]: Your public key has been saved in /etc/ssh/ssh_host_rsa_key.pub.
[   28.518860] cloud-init[957]: The key fingerprint is:
[   28.519189] cloud-init[957]: SHA256:EhiXt3ofLsKtKnRRfz+IFhg0NFqMru/+vZ7snjSx6t4 root@ubuntu-xenial
[   28.519436] cloud-init[957]: The key's randomart image is:
[   28.519654] cloud-init[957]: +---[RSA 2048]----+
[   28.519879] cloud-init[957]: |    .=B.         |
[   28.520143] cloud-init[957]: |    .*=o.        |
[0;32m  OK  [0m] Started Daily apt download activities.
[[0;32m  OK  [0m] Started Daily apt upgrade and clean activities.
[[0;32m  OK  [0m] Listening on D-Bus System Message Bus Socket.
[[0;32m  OK  [0m] Listening on ACPID Listen Socket.
[[0;32m  OK  [0m] Started Daily Cleanup of Temporary Directories.
[[0;32m  OK  [0m] Reached target Timers.
[[0;32m  OK  [0m] Reached target Cloud-config availability.
[[0;32m  OK  [0m] Reached target Network is Online.
[   28.522846] cloud-init[957]: |   .o..= .       |
         Starting iSCSI initiator daemon (iscsid)...
[   28.975442] cloud-init[957]: |    o ..+ .      |
[   29.005720] cloud-init[957]: |   . ...S+ o     |
[   29.013357] cloud-init[957]: |  o . ..+oo o    |
[[0;32m  OK  [0m] Listening on LXD - unix socket.
[[0;32m  OK  [0m] Listening on Socket activation for snappy daemon.
[   29.026468] cloud-init[957]: | . o . ++o . .   |
[[0;32m  OK  [0m] Reached target Sockets.
[   29.095628] cloud-init[957]: |  . . o*o+o      |
[   29.104205] cloud-init[957]: |   ++=**Eo       |
[   29.105144] cloud-init[957]: +----[SHA256]-----+
[   29.106225] cloud-init[957]: Generating public/private dsa key pair.
[   29.106943] cloud-init[957]: Your identification has been saved in /etc/ssh/ssh_host_dsa_key.
[[0;32m  OK  [0m] Reached target Basic System.
[   29.107973] cloud-init[957]: Your public key has been saved in /etc/ssh/ssh_host_dsa_key.pub.
[   29.150089] cloud-init[957]: The key fingerprint is:
[   29.154552] cloud-init[957]: SHA256:6Ed/TdyrpVnLJLFvr2Ocpur3bgygZ5aPkJWXyWauYas root@ubuntu-xenial
[   29.165940] cloud-init[957]: The key's randomart image is:
[   29.220689] [cloud-init[0;32m  OK  [0m[957]: ] Started FUSE filesystem for LXC.
+---[DSA 1024]----+
         Starting LXD - container startup/shutdown...
[   29.301434] cloud-init[957]: |                 |
[   29.315738] cloud-init[957]: |                 |
[   29.326618] cloud-init[957]: |           o o   |
[   29.329806] cloud-init[957]: |       .  + B. . |
[   29.335206] cloud-init[957]: |      . S+ B .o .|
[   29.339137] cloud-init[957]: |     . .+.B ooo .|
[[0;32m  OK  [0m] Started ACPI event daemon.
[   29.377900] cloud-init[957]: |      . .*.*.*.* |
[   29.408979] cloud-init[957]: |       .  +.o ^..|
[   29.413078] cloud-init[957]: |        Eooo.@=*o|
[   29.454513]          Starting LSB: Record successful boot for GRUB...
cloud-init[957]: +----[SHA256]-----+
[   29.481091] cloud-init[957]: Generating public/private ecdsa key pair.
[   29.492567] cloud-init[957]: Your identification has been saved in /etc/ssh/ssh_host_ecdsa_key.         Starting Snappy daemon...

[   29.509730] cloud-init[957]: Your public key has been saved in /etc/ssh/ssh_host_ecdsa_key.pub.
[   29.551368] cloud-init[957]: The key fingerprint is:
[   29.556362] cloud-init[957]: SHA256:0ld4Se4AdFBjzjl8Xb80RvHOFhfcGYZMwySssbPPgjY root@ubuntu-xenial
[[0;32m  OK  [0m] Started D-Bus System Message Bus.
[   29.565516] cloud-init[957]: The key's randomart image is:
[   29.618907] cloud-init[957]: +---[ECDSA 256]---+
[   29.696664] cloud-init[957]: |       .+o*.*+o**|
[   29.711635] cloud-init[957]: |         O B.*++=|
[   29.714665] cloud-init[957]: |          % * .=+|
[   29.722354] cloud-init[957]: |       . + B  oo=|
[   29.734377] cloud-init[957]: |      . S + .  .+|
[   29.764407] cloud-init[957]: |       . o     . |
[   29.785731] cloud-init[957]: |        . o      |
[   29.787726] cloud-init[957]: |       E . o     |
[   29.797413] cloud-init[957]: |      . . .      |
[   29.810790] cloud-init[957]: +----[SHA256]-----+
[   29.824866] cloud-init[957]: Generating public/private ed25519 key pair.
[   29.832895] cloud-init[957]: Your identification has been saved in /etc/ssh/ssh_host_ed25519_key.
[   29.840431] cloud-init[957]: Your public key has been saved in /etc/ssh/ssh_host_ed25519_key.pub.
[   29.855329] cloud-init[957]: The key fingerprint is:
[   29.901932] cloud-init[957]: SHA256:XmjOpSzVgOxZN4RQodbhcqLxws8aVzTY8iAMOYbBKTU root@ubuntu-xenial
[   29.907780] cloud-init[957]: The key's randomart image is:
[   29.912528] cloud-init[957]: +--[ED25519 256]--+
[   29.914484] cloud-init[957]: |o+E.  .o+o.      |
[   29.925615] cloud-init[957]: |oo++ . B.o       |
[   29.927588] cloud-init[957]: |.. .+ @ X o      |
[   29.936528] cloud-init[957]: |   . B @ * .     |
[   29.958013] cloud-init[957]: |    + + S +      |
[   29.964101] cloud-init[957]: |     + O +       |
[   29.966104] cloud-init[957]: |    . = *        |
[   30.019854] cloud-init[957]: |     + .         |
[   30.024169] cloud-init[957]: |    .            |
[   30.034316] cloud-init[957]: +----[SHA256]-----+
         Starting Login Service...
         Starting LSB: MD monitoring daemon...
         Starting Virtualbox guest utils...
         Starting Pollinate to seed the pseudo random number generator...
         Starting System Logging Service...
         Starting Accounts Service...
[[0;32m  OK  [0m] Started Regular background program processing daemon.
         Starting /etc/rc.local Compatibility...
[[0;32m  OK  [0m] Started Deferred execution scheduler.
[[0;32m  OK  [0m] Started /etc/rc.local Compatibility.
[[0;32m  OK  [0m] Started iSCSI initiator daemon (iscsid).
         Starting Login to default iSCSI targets...
[[0;32m  OK  [0m] Started Login Service.
[[0;32m  OK  [0m] Started Unattended Upgrades Shutdown.
[[0;32m  OK  [0m] Started System Logging Service.
[[0;32m  OK  [0m] Started LSB: Record successful boot for GRUB.
[[0;32m  OK  [0m] Started LSB: MD monitoring daemon.
[[0;32m  OK  [0m] Started Login to default iSCSI targets.
         Starting Authenticate and Authorize Users to Run Privileged Tasks...
[[0;32m  OK  [0m] Reached target Remote File Systems (Pre).
[[0;32m  OK  [0m] Reached target Remote File Systems.
         Starting LSB: daemon to balance interrupts for SMP systems...
         Starting LSB: automatic crash report generation...
         Starting LSB: Set the CPU Frequency Scaling governor to "ondemand"...
         Starting Permit User Sessions...
[[0;32m  OK  [0m] Started LXD - container startup/shutdown.
[[0;32m  OK  [0m] Started Permit User Sessions.
         Starting Hold until boot process finishes up...
         Starting Terminate Plymouth Boot Screen...
[[0;32m  OK  [0m] Started Hold until boot process finishes up.
[[0;32m  OK  [0m] Started Terminate Plymouth Boot Screen.
[[0;32m  OK  [0m] Started Authenticate and Authorize Users to Run Privileged Tasks.
[[0;32m  OK  [0m] Started Serial Getty on ttyS0.
         Starting Set console scheme...
[[0;32m  OK  [0m] Started Getty on tty1.
[[0;32m  OK  [0m] Reached target Login Prompts.
[[0;32m  OK  [0m] Started Accounts Service.
[[0;32m  OK  [0m] Started Set console scheme.
[[0;32m  OK  [0m] Started Virtualbox guest utils.
[[0;32m  OK  [0m] Started LSB: Set the CPU Frequency Scaling governor to "ondemand".
[[0;32m  OK  [0m] Started LSB: automatic crash report generation.
[[0;32m  OK  [0m] Started LSB: daemon to balance interrupts for SMP systems.
[[0;32m  OK  [0m] Started Snappy daemon.
         Starting Wait until snapd is fully seeded...
[[0;32m  OK  [0m] Started Pollinate to seed the pseudo random number generator.
         Starting OpenBSD Secure Shell server...
[[0;32m  OK  [0m] Started OpenBSD Secure Shell server.
[[0;32m  OK  [0m] Created slice User Slice of vagrant.
         Starting User Manager for UID 1000...
[[0;32m  OK  [0m] Started Session 1 of user vagrant.
[[0;32m  OK  [0m] Started User Manager for UID 1000.
[[0;32m  OK  [0m] Started Wait until snapd is fully seeded.
         Starting Apply the settings specified in cloud-config...
[[0;32m  OK  [0m] Reached target Multi-User System.
[[0;32m  OK  [0m] Reached target Graphical Interface.
         Starting Update UTMP about System Runlevel Changes...
[[0;32m  OK  [0m] Started Update UTMP about System Runlevel Changes.

Ubuntu 16.04.6 LTS ubuntu-xenial ttyS0

ubuntu-xenial login: [   40.761046] cloud-init[1394]: Generating locales (this might take a while)...
[   43.897020] cloud-init[1394]:   en_US.UTF-8... done
[   43.908252] cloud-init[1394]: Generation complete.
[   46.186718] cloud-init[1394]: Cloud-init v. 19.1-1-gbaa47854-0ubuntu1~16.04.1 running 'modules:config' at Thu, 22 Aug 2019 17:23:04 +0000. Up 39.85 seconds.
ci-info: no authorized ssh keys fingerprints found for user ubuntu.
<14>Aug 22 17:23:12 ec2: 
<14>Aug 22 17:23:12 ec2: #############################################################
<14>Aug 22 17:23:12 ec2: -----BEGIN SSH HOST KEY FINGERPRINTS-----
<14>Aug 22 17:23:12 ec2: 1024 SHA256:6Ed/TdyrpVnLJLFvr2Ocpur3bgygZ5aPkJWXyWauYas root@ubuntu-xenial (DSA)
<14>Aug 22 17:23:12 ec2: 256 SHA256:0ld4Se4AdFBjzjl8Xb80RvHOFhfcGYZMwySssbPPgjY root@ubuntu-xenial (ECDSA)
<14>Aug 22 17:23:12 ec2: 256 SHA256:XmjOpSzVgOxZN4RQodbhcqLxws8aVzTY8iAMOYbBKTU root@ubuntu-xenial (ED25519)
<14>Aug 22 17:23:12 ec2: 2048 SHA256:EhiXt3ofLsKtKnRRfz+IFhg0NFqMru/+vZ7snjSx6t4 root@ubuntu-xenial (RSA)
<14>Aug 22 17:23:12 ec2: -----END SSH HOST KEY FINGERPRINTS-----
<14>Aug 22 17:23:12 ec2: #############################################################
-----BEGIN SSH HOST KEY KEYS-----
ecdsa-sha2-nistp256 AAAAE2VjZHNhLXNoYTItbmlzdHAyNTYAAAAIbmlzdHAyNTYAAABBBFUNRvaMuM4mb/Rzy76TmVwWga+IDro6SGv2nCoptCbOvIJAQiZRRYlr1XO93x0jlhI/dPARXUZyXBX8Qn1HPuA= root@ubuntu-xenial
ssh-ed25519 AAAAC3NzaC1lZDI1NTE5AAAAIMo10CnPCMxZwCnFPHFfaeqZZ/W5xpcQX2f0ax7hejJd root@ubuntu-xenial
ssh-rsa AAAAB3NzaC1yc2EAAAADAQABAAABAQDbvux0ZH3p2yHyoqoNCdJfHq3/5nS0YK5b7TYy542qNyOvsmi8dsJwDOUvqxFK1ueTUMAPrGVaEOkvg1WFy4mfUYS/oh8I3L96FwQ9Hz/dNrFOBQdwdcZJI3qu7vrAhf7BRU6txc3TAwdKLLje+SZlgxqJN+4p4g8AcmY+ZrFr7HcvNO32+NCmP2rTbugfiIcIpW8qlKwwU46bX7FPZIICxaC1h/qIai9Uh4LO/5n8+WqllGssy3RNl7GKEecddx7KI2iN4zsuhMdD32TFp9jpLJGLdGAar239T0CN8XejSJJkirDBdPDMSW9VIspS7tHc+pRXz46U93+YQEuzmf8v root@ubuntu-xenial
-----END SSH HOST KEY KEYS-----
[   47.960142] cloud-init[1569]: Cloud-init v. 19.1-1-gbaa47854-0ubuntu1~16.04.1 running 'modules:final' at Thu, 22 Aug 2019 17:23:11 +0000. Up 47.42 seconds.
[   47.961619] cloud-init[1569]: ci-info: no authorized ssh keys fingerprints found for user ubuntu.
[   47.962389] cloud-init[1569]: Cloud-init v. 19.1-1-gbaa47854-0ubuntu1~16.04.1 finished at Thu, 22 Aug 2019 17:23:12 +0000. Datasource DataSourceNoCloud [seed=/dev/sdb][dsmode=net].  Up 47.92 seconds
