[    0.000000] Initializing cgroup subsys cpuset
[    0.000000] Initializing cgroup subsys cpu
[    0.000000] Initializing cgroup subsys cpuacct
[    0.000000] Linux version 4.4.0-154-generic (buildd@lgw01-amd64-049) (gcc version 5.4.0 20160609 (Ubuntu 5.4.0-6ubuntu1~16.04.10) ) #181-Ubuntu SMP Tue Jun 25 05:29:03 UTC 2019 (Ubuntu 4.4.0-154.181-generic 4.4.179)
[    0.000000] Command line: BOOT_IMAGE=/boot/vmlinuz-4.4.0-154-generic root=LABEL=cloudimg-rootfs ro console=tty1 console=ttyS0
[    0.000000] KERNEL supported cpus:
[    0.000000]   Intel GenuineIntel
[    0.000000]   AMD AuthenticAMD
[    0.000000]   Centaur CentaurHauls
[    0.000000] x86/fpu: Legacy x87 FPU detected.
[    0.000000] e820: BIOS-provided physical RAM map:
[    0.000000] BIOS-e820: [mem 0x0000000000000000-0x000000000009fbff] usable
[    0.000000] BIOS-e820: [mem 0x000000000009fc00-0x000000000009ffff] reserved
[    0.000000] BIOS-e820: [mem 0x00000000000f0000-0x00000000000fffff] reserved
[    0.000000] BIOS-e820: [mem 0x0000000000100000-0x000000003ffeffff] usable
[    0.000000] BIOS-e820: [mem 0x000000003fff0000-0x000000003fffffff] ACPI data
[    0.000000] BIOS-e820: [mem 0x00000000fec00000-0x00000000fec00fff] reserved
[    0.000000] BIOS-e820: [mem 0x00000000fee00000-0x00000000fee00fff] reserved
[    0.000000] BIOS-e820: [mem 0x00000000fffc0000-0x00000000ffffffff] reserved
[    0.000000] NX (Execute Disable) protection: active
[    0.000000] SMBIOS 2.5 present.
[    0.000000] Hypervisor detected: KVM
[    0.000000] e820: last_pfn = 0x3fff0 max_arch_pfn = 0x400000000
[    0.000000] MTRR: Disabled
[    0.000000] x86/PAT: MTRRs disabled, skipping PAT initialization too.
[    0.000000] CPU MTRRs all blank - virtualized system.
[    0.000000] x86/PAT: Configuration [0-7]: WB  WT  UC- UC  WB  WT  UC- UC  
[    0.000000] found SMP MP-table at [mem 0x0009fff0-0x0009ffff] mapped at [ffff88000009fff0]
[    0.000000] Scanning 1 areas for low memory corruption
[    0.000000] RAMDISK: [mem 0x362fa000-0x37174fff]
[    0.000000] ACPI: Early table checksum verification disabled
[    0.000000] ACPI: RSDP 0x00000000000E0000 000024 (v02 VBOX  )
[    0.000000] ACPI: XSDT 0x000000003FFF0030 00003C (v01 VBOX   VBOXXSDT 00000001 ASL  00000061)
[    0.000000] ACPI: FACP 0x000000003FFF00F0 0000F4 (v04 VOX   VBOXFACP 0000001 ASL  00000061)
[    0.000000] ACPI: DSDT 0x000000003FFF0470 0021FF (v02 VBOX   VBOXBIOS 00000002 INTL 20180105)
[    0.000000] ACPI: FACS 0x000000003FFF0200 000040
[    0.000000] ACPI: FACS 0x000000003FFF0200 000040
[    0.000000] ACPI: APIC 0x000000003FFF0240 00005C (v02 VBOX   VBOXAPIC 00000001 ASL  00000061)
[    0.000000] ACPI: SSDT 0x0000003FFF02A0 0001CC (v01 VBOX   VBOXCPUT 00000002 INTL 20180105)
[    0.000000] No NUMA configuration found
[    0.000000] Faking a node at [mem 0x0000000000000000-0x000000003ffeffff]
[    0.000000] NODE_DATA(0) allocated [mem 0x3ffeb000-0x3ffeffff]
[    0.000000] kvm-clock: Using msrs 4b564d01 and 4b564d00
[    0.000000] kvm-clock: cpu 0, msr 0:3ffe3001 primary cpu clock
[    0.000000] kvm-clock: using sched offset of5238761245 cycles
[    0.000000] clocksource: kvm-clock: mask: 0xfffffffffffffffff mx_cycles: 0x1cd424dffb, max_idle_ns: 881590591483 ns
[    0.000000] Zone ranges:
[    0.000000]   DMA      [mem 0x0000000000001000-0x000000000ffffff]
[    0.000000]   DMA32    [mem 0x0000000001000000-0x000000003ffeffff]
[    0.000000]   Normal   empty
[    0.000000]   Device   empty
[    0.000000] Movable zone start for each node
[    0.000000] Early memory node ranges
[    0.000000]   node   0: [mem 0x0000000000001000-0x000000000009efff]
[    0.000000]   node   0: [mem 0x0000000000100000-0x000000003ffeffff]
[    0.000000] Initmem setup node 0 [mem 0x0000000000001000-0x000000003ffeffff]
[    0.000000] ACPI: PM-Timer IO Port: 0x4008
[    0.000000] IOAPIC[0]: apic_id 2, version 32, address 0xfec00000, GSI 0-23
[    0.000000] ACPI: INT_SRC_OVR (bus 0 bus_irq 0 global_irq 2 dfl dfl)
[    0.000000] ACPI: INT_SRC_OVR (bus 0 bus_irq 9 global_irq 9 low level)
[    0.000000] Using ACPI (MADT) for SMP configuration information
[    0.000000] smpboot: Allowing 2 CPUs, 0 hotplug CPUs
[    0.000000] PM: Registered nosave memory: [mem 0x00000000-0x00000fff]
[    0.000000] PM: Registered nosave memory: [mem 0x0009f000-0x0009ffff]
[    0.000000] PM: Registered nosave memory: [mem 0x000a0000-0x000effff]
[    0.000000] PM: Registered nosave memory: [mem 0x000f0000-0x000fffff]
[    0.000000] e820: [mem 0x40000000-0xfebfffff] available for PCI devices
[    0.000000] Booting paravirtualized kernel on KVM
[    0.000000] clocksource: refined-jiffies: mask: 0xffffffff max_cycles: 0xffffffff, max_idle_ns: 7645519600211568 ns
[    0.000000] setup_percpu: NR_CPUS:512 nr_cpumask_bits:512 nr_cpu_ids:2 nr_node_ids:1
[    0.000000] PERCPU: Embedded 34 pages/cpu @ffff88003fc00000 s99480 r8192 d31592 u1048576
[    0.000000] Built 1 zonelists in Node order, mobility grouping on.  Total pages: 257912
[    0.000000] Policy zone: DMA32
[    0.000000] Kernel command line: BOOT_IMAGE=/boot/vmlinuz-4.4.0-154-generic root=LABEL=cloudimg-rootfs ro console=tty1 console=ttyS0
[    0.000000] PID hash table entries: 4096 (order: 3, 32768 bytes)
[    0.000000] Memory: 997732K/1048120K available (8613K kernel code, 1335K rwdata, 4028K rodata, 1484K init, 1284K bss, 50388K reserved, 0K cma-reserved)
[    0.000000] SLUB: HWalign=64, Order=0-3, MinObjects=0, CPUs=2, Nodes=1
[    0.000000] Kernel/User page tables isolation: enabled
[    0.000000] Hierarchical RCU implementation.
[    0.000000] 	Build-time adjustment of leaf fanout to 64.
[    0.000000] 	RCU restricting CPUs from NR_CPUS=512 to nr_cpu_ids=2.
[    0.000000] RCU: Adjusting geometry for rcu_fanout_leaf=64, nr_cpu_ids=2
[    0.000000] NR_IRQS:33024 nr_irqs:440 16
[    0.000000] Console: colour VGA+ 80x25
[    0.000000] console [tty1] enabled
[    0.000000] console [ttyS0] enabled
[    0.000000] tsc: Detected 2992.498 MHz processor
[    1.334323] Calibrating delay loop (skipped) preset value.. 5984.99 BogoMIPS (lpj=11969992)
[    1.409273] pid_max: default: 32768 minimum: 301
[    1.500934] ACPI: Core revision 20150930
[    1.509524] ACPI: 2 ACPI AML tables successfully acquired and loaded
[    1.512563] Security Framework initialized
[    1.514536] Yama: becoming mindful.
[    1.516374] AppArmor: AppArmor initialized
[    1.518518] Dentry cache hash table entries: 131072 (order: 8, 1048576 bytes)
[    1.522146] Inode-cache hash table entries: 65536 (order: 7, 524288 bytes)
[    1.525444] Mount-cache hash table entries: 2048 (order: 2, 16384 bytes)
[    1.528317] Mountpoint-cache hash table entries: 2048 (order: 2, 16384 bytes)
[    1.532312] Initializing cgroup subsys io
[    1.534285] Initializing cgroup subsys memory
[    1.536426] Initializing cgroup subsys devices
[    1.538572] Initializing cgroup subsys freezer
[    1.541155] Initializing cgroup subsys net_cls
[    1.543913] Initializing cgroup subsys perf_event
[    1.546682] Initializing cgroup subsys net_prio
[    1.549285] Initializing cgroup subsys hugetlb
[    1.551806] Initializing cgroup subsys pids
[    1.554430] mce: CPU supports 0 MCE banks
[    1.556850] Last level iTLB entries: 4KB 128, 2MB 4, 4MB 4
[    1.559914] Last level dTLB entries: 4KB 256, 2MB 0, 4MB 32, 1GB 0
[    1.563481] Spectre V2 : Mitigation: Full generic retpoline
[    1.566699] Spectre V2 : Spectre v2 / SpectreRSB mitigation: Filling RSB on context switch
[    1.571268] Speculative Store Bypass: Vulnerable
[    1.574996] MDS: Vulnerable: Clear CPU buffers attempted, no microcode
[    1.583996] Freeing SMP alternatives memory: 36K
[    1.594876] ftrace: allocating 32299 entries in 127 pages
[    1.665908] smpboot: APIC(0) Converting physical 0 to logical package 0
[    1.792367] smpboot: Max logical packages: 1
[    1.873860] x2apic enabled
[    1.875504] Switched APIC routing to physical x2apic.
[    1.879540] ..TIMER: vector=0x30 apic1=0 pin1=2 apic2=-1 pin2=-1
[    1.988143] smpboot: CPU0: Intel(R) Core(TM)2 Duo CPU     E8400  @ 3.00GHz (family: 0x6, model: 0x17, stepping: 0xa)
[    2.000858] Performance Events: unsupported p6 CPU model 23 no PMU driver, software events only.
[    2.165652] KVM setup paravirtual spinlock
[    2.228468] x86: Booting SMP configuration:
[    2.229908] .... node  #0, CPUs:      #1
[    2.244685] kvm-clock: cpu 1, msr 0:3ffe3041, secondary cpu clock
[    2.257818] mce: CPU supports 0 MCE banks
[    2.260993] x86: Booted up 1 node, 2 CPUs
[    2.262869] smpboot: Total of 2 processors activated (11969.99 BogoMIPS)
[    2.265458] devtmpfs: initialized
[    2.269565] evm: security.selinux
[    2.270815] evm: security.SMACK64
[    2.272059] evm: security.SMACK64EXEC
[    2.273392] evm: security.SMACK64TRANSMUTE
[    2.280178] evm: security.SMACK64MMAP
[    2.281523] evm: security.ima
[    2.282696] evm: security.capability
[    2.284197] clocksource: jiffies: mask: 0xffffffff max_cycles: 0xffffffff, max_idle_ns: 7645041785100000 ns
[    2.292704] futex hash table entries: 512 (order: 3, 32768 bytes)
[    2.294728] pinctrl core: initialized pinctrl subsystem
[    2.296588] RTC time: 17:38:03, date: 08/22/19
[    2.298480] NET: Registered protocol family 16
[    2.312291] cpuidle: using governor ladder
[    2.324375] cpuidle: using governor menu
[    2.333289] PCCT header not found.
[    2.334612] ACPI: bus type PCI registered
[    2.365117] acpiphp: ACPI Hot Plug PCI Controller Driver version: 0.5
[    2.378338] PCI: Using configuration type 1 for base access
[    2.400685] ACPI: Added _OSI(Module Device)
[    2.407482] ACPI: Added _OSI(Processor Device)
[    2.408990] ACPI: Added _OSI(3.0 _SCP Extensions)
[    2.410532] ACPI: Added _OSI(Processor Aggregator Device)
[    2.418417] ACPI: Executed 1 blocks of module-level executable AML code
[    2.435701] ACPI: Interpreter enabled
[    2.437061] ACPI: (supports S0 S5)
[    2.438327] ACPI: Using IOAPIC for interrupt routing
[    2.499913] PCI: Using host bridge windows from ACPI; if necessary, use "pci=nocrs" and report a bug
[    2.546969] ACPI: PCI Root Bridge [PCI0] (domain 0000 [bus 00-ff])
[    2.548852] acpi PNP0A03:00: _OSC: OS supports [ASPM ClockPM Segments MSI]
[    2.550874] acpi PNP0A03:00: _OSC: not requesting OS control; OS requires [ExtendedConfig ASPM ClockPM MSI]
[    2.640726] acpi PNP0A03:00: fail to add MMCONFIG information, can't access extended PCI configuration space under this bridge.
[    2.730054] PCI host bridge to bus 0000:00
[    2.737437] pci_bus 0000:00: root bus resource [io  0x0000-0x0cf7 window]
[    2.739425] pci_bus 0000:00: root bus resource [io  0x0d00-0xffff window]
[    2.836137] pci_bus 0000:00: root bus resource [mem 0x000a0000-0x000bffff window]
[    2.838760] pci_bus 0000:00: root bus resource [mem 0x40000000-0xfdffffff window]
[    2.909719] pci_bus 0000:00: root bus resource [bus 00-ff]
[    3.011990] pci 0000:00:01.1: legacy IDE quirk: reg 0x10: [io  0x01f0-0x01f7]
[    3.014076] pci 0000:00:01.1: legacy IDE quirk: reg 0x14: [io  0x03f6]
[    3.047986] pci 0000:00:01.1: legacy IDE quirk: reg 0x18: [io  0x0170-0x0177]
[    3.110147] pci 0000:00:01.1: legacy IDE quirk: reg 0x1c: [io  0x0376]
[    3.182499] pci 0000:00:07.0: quirk: [io  0x4000-0x403f] claimed by PIIX4 ACPI
[    3.186267] pci 0000:00:07.0: quirk: [io  0x4100-0x410f] claimed by PIIX4 SMB
[    3.198930] ACPI: PCI Interrupt Link [LNKA] (IRQs 5 9 10 *11)
[    3.212335] ACPI: PCI Interrupt Link [LNKB] (IRQs 5 9 *10 11)
[    3.214768] ACPI: PCI Interrupt Link [LNKC] (IRQs 5 *9 10 11)
[    3.217225] ACPI: PCI Interrupt Link [LNKD] (IRQs 5 9 10 *11)
[    3.219735] ACPI: Enabled 2 GPEs in block 00 to 07
[    3.245223] vgaarb: setting as boot device: PCI:0000:00:02.0
[    3.248255] vgaarb: device added: PCI:0000:00:02.0,decodes=io+mem,owns=io+mem,locks=none
[    3.251057] vgaarb: loaded
[    3.253283] vgaarb: bridge control possible 0000:00:02.0
[    3.255598] SCSI subsystem initialized
[    3.260058] ACPI: bus type USB registered
[    3.261522] usbcore: registered new interface driver usbfs
[    3.263261] usbcore: registered new interface driver hub
[    3.264992] usbcore: registered new device driver usb
[    3.268786] PCI: Using ACPI for IRQ routing
[    3.270920] NetLabel: Initializing
[    3.273360] NetLabel:  domain hash size = 128
[    3.274831] NetLabel:  protocols = UNLABELED CIPSOv4
[    3.328311] NetLabel:  unlabeled traffic allowed by default
[    3.330457] amd_nb: Cannot enumerate AMD northbridges
[    3.337556] clocksource: Switched to clocksource kvm-clock
[    3.354513 AppArmor: AppArmor Filesystem Enabled
[    3.398106] pnp: PnP ACPI init
[    3.400358] pnp: PnP ACPI: found 3 devices

[    3.413670] clocksource: acpi_pm: mask: 0xffffff max_cycles: 0xffffff, max_idle_ns: 2085701024 ns
[    3.416833] NET: Registered protocol family 2
[    3.418952] TCP established hash table entries: 8192 (order: 4, 65536 bytes)
[    3.421180] TCP bind hash table entries: 8192 (order: 5, 131072 bytes)
[    3.438448] TCP: Hash tables configured (established 8192 bind 8192)
[    3.440518] UDP hash table entries: 512 (order: 2, 16384 bytes)
[    3.448311] UDP-Lite hash table entries: 512 (order: 2, 16384 bytes)
[    3.450414] NET: Registered protocol family 1
[    3.452003] pci 0000:00:00.0: Limiting direct PCI/PCI transfers
[    3.453936] pci 0000:00:01.0: Activating ISA DMA hang workaounds
[    3.486768] Unpacking initramfs...

[    3.750911] Freeing initrd memory: 14828K
[    3.763541] clocksource: tsc: mask: 0xffffffffffffffff max_cycles: 0x2b2296bc2b9, max_idle_ns: 440795321505 ns
[    3.768088] platform rtc_cmos: registered platform RTC device (no PNP device found)
[    3.771034] Scanning for low memory corruption every 60 seconds
[    3.773587] audit: initializing netlink subsys (disabled)
[    3.787599] audit: type=2000 audit(1566495488.601:1): initialized
[    3.789960] Initialise system trusted keyring
[    3.791914] HugeTLB registered 2 MB page size, pre-allocated 0 pages
[    3.809236] zbud: loaded
[    3.810864] VFS: Disk quotas dquot_6.6.0
[    3.817592] VFS: Dquot-cache hash table entries: 512 (order 0, 4096 bytes)
[    3.820117] squashfs: version 4.0 (2009/01/31) Phillip Lougher
[    3.822424] fuse init (API version 7.23)
[    3.824072] Key type big_key registered
[    3.825530] Allocating IMA MOK and blacklist keyrings.
[    3.839183] Key type asymmetric registered
[    3.840684] Asymmetric key parser 'x509' registered
[    3.937279] Block layer SCSI generic (bsg) driver version 0.4 loaded (major 249)
[    4.028594] io scheduler noop registered
[    4.037298] io scheduler deadline registered (default)
[    4.039107] io scheduler cfq registered
[    4.040659] pci_hotplug: PCI Hot Plug PCI Core version: 0.5
[    4.057384] pciehp: PCI Express Hot Plug Controller Driver version: 0.4
[    4.059631] ACPI: AC Adapter [AC] (on-line)
[    4.097816] input: Power Button as /devices/LNXSYSTM:00/LNXPWRBN:00/input/input0
[    4.100589] ACPI: Power Button [PWRF]
[    4.102128] input: Sleep Button as /devices/LNXSYSTM:00/LNXSLPBN:00/input/input1
[    4.128580] ACPI: Sleep Button [SLPF]
[    4.197662] GHES: HEST is not enabled!
[  4.199281] Serial: 8250/16550 driver, 32 ports, IRQ sharing enabled
[    4.331117] 00:02: ttyS0 at I/O 0x3f8 (irq = 4, base_baud = 115200) is a 16550A
[    4.350420] Linux agpgart interface v0.103
[    4.354507] loop: module loaded
[    4.356813] scsi host0: ata_piix
[    4.358350] scsi host1: ata_piix
[    4.359708] ata1: PATA max UDMA/33 cmd 0x1f0 ctl 0x3f6 bmdma 0xd000 irq 14
[    4.361832] ata2: PATA max UDMA/33 cmd 0x170 ctl 0x376 bmdma 0xd008 irq 15
[    4.364461] libphy: Fixed MDIO Bus: probed
[    4.387212] tun: Universal TUN/TAP device driver, 1.6
[    4.388948] tun: (C) 1999-2004 Max Krasnyansky <maxk@qualcomm.com>
[    4.391008] PPP generic driver version 2.4.2
[    4.407442] ehci_hcd: USB 2.0 'Enhanced' Host Controller (EHCI) Driver
[    4.409580] ehci-pci: EHCI PCI platform driver
[    4.411175] ehci-platform: EHCI generic platform driver
[    4.412935] ohci_hcd: USB 1.1 'Open' Host Controller (OHCI) Driver
[    4.517961] ohci-pci: OHCI PCI platform driver
[    4.527674] ohci-platform: OHCI generic platform driver
[    4.537816] uhci_hcd: USB Universal Host Controller Interface driver
[    4.567632] i8042: PNP: PS/2 Controller [PNP0303:PS2K,PNP0f03:PS2M] at 0x60,0x64 irq 1,12
[    4.589538] serio: i8042 KBD port at 0x60,0x64 irq 1
[    4.591274] serio: i8042 AUX port at 0x60,0x64 irq 12
[    4.597809] mousedev: PS/2 mouse device common for all mice
[    4.600425] input: AT Translated Set 2 keyboard as /devices/platform/i8042/serio0/input/input2
[    4.603452] rtc_cmos rtc_cmos: rtc core: registered rtc_cmos as rtc0
[    4.605728] rtc_cmos rtc_mos: alarms up to one day, 114 bytes nvram
[    4.648280] i2c /dev entries driver
[    4.649720] device-mapper: uevent: version 1.0.3

[    4.651514] device-mapper: ioctl: 4.34.0-ioctl (2015-10-28) initialised: dm-devel@redhat.com
[    4.654541] ledtrig-cpu: registered to indicate activity on CPUs
[    4.724715] NET: Registered protocol family 10
[    4.776675] NET: Registered protocol family 17
[    4.778355] Key type dns_resolver registered
[    4.780555] registered taskstats version 1
[    4.796060] Loading compiled-in X.509 certificates
[    4.799818] Loaded X.509 cert 'Build time autogenerated kernel key: 65139e04a67245b562a838c28b5e7032abdd4348'
[    4.803162] zswap: loaded using pool lzo/zbud
[    4.862122] Key type trusted registered
[    4.894323] Key type encrypted registered
[    4.897427] AppArmor: AppArmor sha1 policy hashing enabled
[    4.899257] ima: No TPM chip found, activating TPM-bypass!
[    4.900993] ima: Allocated hash algorithm: sha1
[    4.902594] evm: HMAC attrs: 0x1
[    4.904375]   Magic number: 15:51:644
[    4.906948] rtc_cmos rtc_cmos: setting system clock to 2019-08-22 17:38:06 UTC (1566495486)
[    4.909928] BIOS EDD facility v0.16 2004-Jun-25, 0 devices found
[    4.911804] EDD information not available.
[    4.920479] Freeing unused kernel memory: 1484K
[    4.933610] Write protecting the kernel read-only data: 14336k
[    4.949284] Freeing unused kernel memory: 1616K
[    4.952324] Freeing unused kernel memory: 68K
Loading, please wait...
starting version 229
[    5.108307] random: systemd-udevd: uninitialized urandom read (16 bytes read, 2 bits of entropy available)
[    5.117164] random: udevadm: uninitialized urandom read (16 bytes read, 2 bits of entropy available)
[    5.117408] random: udevadm: uninitialized urandom read (16 bytes read, 2 bits of entropy available)
[    5.148309] random: systemd-udevd: uninitialized urandom read (16 bytes read, 2 bits of entropy available)
[    5.154458] random: systemd-udevd: uninitialized urandom read (16 bytes read, 2 bits of entropy available)
[    5.163664] random: systemd-udevd: uninitialized urandom read (16 bytes read, 2 bits of entropy available)
[    5.173038] random: systemd-udevd: uninitialized urandom read (16 bytes read, 2 bits of entropy available)
[    5.178265] random: systemd-udevd: uninitialized urandom read (16 bytes read, 2 bits of entropy available)
[    5.184969] random: systemd-udevd: uninitialized urandom read (16 bytes read, 2 bits of entropy available)
[    5.195125] random: systemd-udevd: uninitialized urandom read (16 bytes read, 2 bits of entropy available)
[    5.580159] Fusion MPT base driver 3.04.20
[    5.582644] Copyright (c) 1999-2008 LSI Corporation
[    5.586650] e1000: Intel(R) PRO/1000 Network Driver - version 7.3.21-k8-NAPI
[    5.590270] e1000: Copyright (c) 1999-2006 Intel Corporation.
[    5.669011] Fusion MPT SPI Host driver 3.04.20
[    5.824651] input: ImExPS/2 Generic Explorer Mouse as /devices/platform/i8042/serio1/input/input4
[    6.097538] e1000 0000:00:03.0 eth0: (PCI:33MHz:32-bit) 02:1e:e5:6d:71:21
[    6.099979] e1000 0000:00:03.0 eth0: Intel(R) PRO/1000 Network Connection
[    6.103739] mptbase: ioc0: Initiating bringup
[    6.106696] e1000 0000:00:03.0 enp0s3: renamed from eth0
[    6.176446] ioc0: LSI53C1030 A0: Capabilities={Initiator}
[    6.947625] scsi host2: ioc0: LSI53C1030 A0, FwRev=00000000h, Ports=1, MaxQ=256, IRQ=20
[    7.086561] scsi 2:0:0:0: Direct-Access     VBOX     HARDDISK         1.0  PQ: 0 ANSI: 5
[    7.091540] scsi target2:0:0: Beginning Domain Validation
[    7.094612] scsi target2:0:0: Domain Validation skipping write tests
[    7.096524] scsi target2:0:0: Ending Domain Validation
[    7.098255] scsi target2:0:0: asynchronous
[    7.100095] scsi 2:0:1:0: Direct-Access     VBOX     HARDDISK         1.0  PQ: 0 ANSI: 5
[    7.117608] scsi target2:0:1: Beginning Domain Validation
[    7.120292] scsi target2:0:1: Domain Validation skipping write tests
[    7.122205] scsi target2:0:1: Ending Domain Validation
[    7.123899] scsi target2:0:1: asynchronous
[    7.132936] sd 2:0:0:0: [sda] 20971520 512-byte logical blocks: (10.7 GB/10.0 GiB)
[    7.133061] sd 2:0:0:0: Attached scsi generic sg0 type 0
[    7.139170] sd 2:0:0:0: [sda] Write Protect is off
[    7.139533] sd 2:0:1:0: [sdb] 20480 512-byte logical blocks: (10.5 MB/10.0 MiB)
[    7.139690] sd 2:0:1:0: [sdb] Write Protect is off
[    7.139800] sd 2:0:1:0: [sdb] Incomplete mode parameter data
[    7.139802] sd 2:0:1:0: [sdb] Assuming drive cache: write through
[    7.147538] sd 2:0:1:0: Attached scsi generic sg1 type 0
[    7.164956] sd 2:0:1:0: [sdb] Attached SCSI disk
[    7.236095] sd 2:0:0:0: [sda] Incomplete mode parameter data
[    7.239049] sd 2:0:0:0: [sda] Assuming drive cache: write through
[    7.250142]  sda: sda1
[    7.252694] sd 2:0:0:0: [sda] Attached SCSI disk
Begin: Loading essential drivers ... [    9.645926] md: linear personality registered for level -1
[    9.712039] md: multipath personality registered for level -4
[    9.751932] md: raid0 personality registered for level 0
[    9.785063] md: raid1 personality registered for level 1
[    9.881581] raid6: sse2x1   gen()  4509 MB/s
[    9.953579] raid6: sse2x1   xor()  4686 MB/s
[   10.021579] raid6: sse2x2   gen()  6548 MB/s
[   10.089631] raid6: sse2x2   xor()  5791 MB/s
[   10.157613] raid6: sse2x4   gen()  8719 MB/s
[   10.229575] raid6: sse2x4   xor()  6846 MB/s
[   10.231031] raid6: using algorithm sse2x4 gen() 8719 MB/s
[   10.232725] raid6: .... xor() 6846 MB/s, rmw enabled
[   10.234335] raid6: using ssse3x2 recovery algorithm
[   10.237975] xor: measuring software checksum speed
[   10.285572]    prefetch64-sse: 11531.000 MB/sec
[   10.325571]    generic_sse: 10249.000 MB/sec
[   10.332412] xor: using function: prefetch64-sse (11531.000 MB/sec)
[   10.336140] async_tx: api initialized (async)
[   10.375395] md: raid6 personality registered for level 6
[   10.384114] md: raid5 personality registered for level 5
[   10.387423] md: raid4 personality registered for level 4
[   10.449948] md: raid10 personality registered for level 10
done.
Begin: Running /scripts/init-premount ... done.
Begin: Mounting root file system ... Begin: Running /scripts/local-top ... done.
Begin: Running /scripts/local-premount ... [   10.606695] Btrfs loaded
Scanning for Btrfs filesystems
done.
Warning: fsck not present, so skipping root file system
[   10.965484] EXT4-fs (sda1): mounted filesystem with ordered data mode. Opts: (null)
done.
Begin: Running /scripts/local-bottom ... done.
Begin: Running /scripts/init-bottom ... done.
[   11.763062] systemd[1]: systemd 229 running in system mode. (+PAM +AUDIT +SELINUX +IMA +APPARMOR +SMACK +SYSVINIT +UTMP +LIBCRYPTSETUP +GCRYPT +GNUTLS +ACL +XZ -LZ4 +SECCOMP +BLKID +ELFUTILS +KMOD -IDN)
[   11.789476] systemd[1]: Detected virtualization oracle.
[   11.791228] systemd[1]: Detected architecture x86-64.

Welcome to [1mUbuntu 16.04.6 LTS[0m!

[   11.830275] systemd[1]: Set hostname to <ubuntu>.
[   11.851866] systemd[1]: Initializing machine ID from random generator.
[   11.853987] systemd[1]: Installed transient /etc/machine-id file.
[   11.989886] random: nonblocking pool is initialized
[   12.938266] systemd[1]: Listening on udev Control Socket.
[[0;32m  OK  [0m] Listening on udev Control Socket.
[   12.949714] systemd[1]: Reached target Swap.
[[0;32m  OK  [0m] Reached target Swap.
[   12.953954] systemd[1]: Started Forward Password Requests to Wall Directory Watch.
[[0;32m  OK  [0m] Started Forward Password Requests to Wall Directory Watch.
[   12.961105] systemd[1]: Listening on Journal Socket (/dev/log).
[[0;32m  OK  [0m] Listening on Journal Socket (/dev/log).
[   13.001418] systemd[1]: Created slice User and Session Slice.
[[0;32m  OK  [0m] Created slice User and Session Slice.
[   13.005266] systemd[1]: Listening on Journal Socket.
[[0;32m  OK  [0m] Listening on Journal Socket.
[   13.009536] systemd[1]: Reached target Encrypted Volumes.
[[0;32m  OK  [0m] Reached target Encrypted Volumes.
[   13.012952] systemd[1]: Listening on Device-mapper event daemon FIFOs.
[[0;32m  OK  [0m] Listening on Device-mapper event daemon FIFOs.
[   13.017882] systemd[1]: Listening on udev Kernel Socket.
[[0;32m  OK  [0m] Listening on udev Kernel Socket.
[   13.023473] systemd[1]: Listening on LVM2 poll daemon socket.
[[0;32m  OK  [0m] Listening on LVM2 poll daemon socket.
[   13.038771] systemd[1]: Listening on /dev/initctl Compatibility Named Pipe.
[[0;32m  OK  [0m] Listening on /dev/initctl Compatibility Named Pipe.
[   13.123271] systemd[1]: Started Trigger resolvconf update for networkd DNS.
[[0;32m  OK  [0m] Started Trigger resolvconf update for networkd DNS.
[   13.154199] systemd[1]: Reached target System Time Synchronized.
[[0;32m  OK  [0m] Reached target System Time Synchronized.
[   13.215070] systemd[1]: Created slice System Slice.
[[0;32m  OK  [0m] Created slice System Slice.
[   13.266733] systemd[1]: Starting Uncomplicated firewall...
         Starting Uncomplicated firewall...
[   13.285449] systemd[1]: Mounting Huge Pages File System...
         Mounting Huge Pages File System...
[   13.372325] systemd[1]: Starting Load Kernel Modules...
         Starting Load Kernel Modules...
[   13.418827] systemd[1]: Starting Create list of required static device nodes for the current kernel...
         Starting Create list of required st... nodes for the current kernel...
[   13.446950] systemd[1]: Reached target Slices.
[[0;32m  OK  [0m] Reached target Slices.
[   13.451479] Loading iSCSI transport class v2.0-870.
[   13.482641] systemd[1]: Starting Nameserver information manager...
         Starting Nameserver information manager...
[   13.501212] systemd[1]: Mounting POSIX Message Queue File System...
[   13.504738] iscsi: registered transport (tcp)
         Mounting POSIX Message Queue File System...
[   13.536906] systemd[1]: Starting Remount Root and Kernel File Systems...
         Starting Remount Root and Kernel File Systems...
[   13.570987] systemd[1]: Set up automount Arbitrary Executable File Formats File System Automount Point.
[[0;32m  OK  [0m] Set up automount Arbitrary Executab...ats File System Automount Point.
[   13.597369] systemd[1]: Mounting Debug File System...
         Mounting Debug File System...
[   13.622960] systemd[1]: Listening on LVM2 metadata daemon socket.
[[0;32m  OK  [0m] Listening on LVM2 metadata daemon socket.
[   13.665821] EXT4-fs (sda1): re-mounted. Opts: (null)
[   13.683389] systemd[1]: Starting Monitoring of LVM2 mirrors, snapshots etc. using dmeventd or progress polling...
         Starting Monitoring of LVM2 mirrors... dmeventd or progress polling...
[   13.739596] systemd[1]: Starting Set console keymap...
         Starting Set console keymap...
[   13.758323] systemd[1]: Listening on Syslog Socket.
[[0;32m  OK  [0m] Listening on Syslog Socket.
[   13.772021] systemd[1]: Created slice system-serial\x2dgetty.slice.
[[0;32m  OK  [0m] Created slic[   13.780000] iscsi: registered transport (iser)
e system-serial\x2dgetty.slice.
[   13.815038] systemd[1]: Reached target User and Group Name Lookups.
[[0;32m  OK  [0m] Reached target User and Group Name Lookups.
[   13.830201] systemd[1]: Listening on Journal Audit Socket.
[[0;32m  OK  [0m] Listening on Journal Audit Socket.
[   13.870508] systemd[1]: Starting Journal Service...
         Starting Journal Service...
[   13.914839] systemd[1]: Mounted POSIX Message Queue File System.
[[0;32m  OK  [0m] Mounted POSIX Message Queue File System.
[   13.929730] systemd[1]: Mounted Huge Pages File System.
[[0;32m  OK  [0m] Mounted Huge Pages File System.
[   13.942802] systemd[1]: Mounted Debug File System.
[[0;32m  OK  [0m] Mounted Debug File System.
[   13.953559] systemd[1]: Started Uncomplicated firewall.
[[0;32m  OK  [0m] Started Uncomplicated firewall.
[   13.970438] systemd[1]: Started Load Kernel Modules.
[[0;32m  OK  [0m] Started Load Kernel Modules.
[   13.977765] systemd[1]: Started Create list of required static device nodes for the current kernel.
[[0;32m  OK  [0m] Started Create list of required sta...ce nodes for the current kernel.
[   14.026658] systemd[1]: Started Remount Root and Kernel File Systems.
[[0;32m  OK  [0m] Started Remount Root and Kernel File Systems.
[   14.083119] systemd[1]: Started Nameserver information manager.
[[0;32m  OK  [0m] Started Nameserver information manager.
[   14.147317] systemd[1]: Started Journal Service.
[[0;32m  OK  [0m] Started Journal Service.
[[0;32m  OK  [0m] Started Set console keymap.
[[0;32m  OK  [0m] Started LVM2 metadata daemon.
         Starting Flush Journal to Persistent Storage...
         Starting udev Coldplug all Devices...
         Starting Load/Save Random Seed...
         Starting Create Static Device Nodes in /dev...
         Starting Apply Kernel Variables...
         Mounting FUSE Control File System...
[[0;32m  OK  [0m] Mounted FUSE Control File System.
[   14.932705] systemd-journald[390]: Received request to flush runtime journal from PID 1
[[0;32m  OK  [0m] Started Flush Journal to Persistent Storage.
[[0;32m  OK  [0m] Started Load/Save Random Seed.
[[0;32m  OK  [0m] Started Apply Kernel Variables.
[[0;32m  OK  [0m] Started Monitoring of LVM2 mirrors,...ng dmeventd or progress polling.
[[0;32m  OK  [0m] Started Create Static Device Nodes in /dev.
[[0;32m  OK  [0m] Reached target Local File Systems (Pre).
[[0;32m  OK  [0m] Reached target Local File Systems.
         Starting Set console font and keymap...
         Starting Create Volatile Files and Directories...
         Starting Commit a transient machine-id on disk...
         Starting LSB: AppArmor initialization...
         Starting Initial cloud-init job (pre-networking)...
         Starting Tell Plymouth To Write Out Runtime Data...
         Starting udev Kernel Device Manager...
[[0;32m  OK  [0m] Started udev Coldplug all Devices.
[[0;32m  OK  [0m] Started Create Volatile Files and Directories.
[[0;32m  OK  [0m] Started Commit a transient machine-id on disk.
[[0;32m  OK  [0m] Started Tell Plymouth To Write Out Runtime Data.
         Starting Update UTMP about System Boot/Shutdown...
[[0;32m  OK  [0m] Started Update UTMP about System Boot/Shutdown.
[[0;32m  OK  [0m] Started udev Kernel Device Manager.
[[0;32m  OK  [0m] Started Dispatch Password Requests to Console Directory Watch.
[[0;32m  OK  [0m] Found device /dev/ttyS0.
[[0;32m  OK  [0m] Listening on Load/Save RF Kill Switch Status /dev/rfkill Watch.
[[0;32m  OK  [0m] Started LSB: AppArmor initialization.
[[0;32m  OK  [0m] Started Set console font and keymap.
[[0;32m  OK  [0m] Created slice system-getty.slice.
[   22.781530] cloud-init[459]: Cloud-init v. 19.1-1-gbaa47854-0ubuntu1~16.04.1 running 'init-local' at Thu, 22 Aug 2019 17:38:25 +0000. Up 21.60 seconds.
[[0;32m  OK  [0m] Started Initial cloud-init job (pre-networking).
[[0;32m  OK  [0m] Reached target Network (Pre).
         Starting Raise network interfaces...
[[0;32m  OK  [0m] Started Raise network interfaces.
         Starting Initial cloud-init job (metadata service crawler)...
[[0;32m  OK  [0m] Reached target Network.
[   28.870294] cloud-init[956]: Cloud-init v. 19.1-1-gbaa47854-0ubuntu1~16.04.1 running 'init' at Thu, 22 Aug 2019 17:38:30 +0000. Up 25.71 seconds.
[   28.882783] cloud-init[956]: ci-info: ++++++++++++++++++++++++++++++++++++++Net device info++++++++++++++++++++++++++++++++++++++
[   28.901179] cloud-init[956]: ci-info: +--------+------+----------------------------+---------------+--------+-------------------+
[   28.919895] cloud-init[956]: ci-info: | Device |  Up  |          Address           |      Mask     | Scope  |     Hw-Address    |
[   28.932900] cloud-init[956]: ci-info: +--------+------+----------------------------+---------------+--------+-------------------+
[   28.949249] cloud-init[956]: ci-info: | enp0s3 | True |         10.0.2.15          | 255.255.255.0 | global | 02:1e:e5:6d:71:21 |
[   28.977514] cloud-init[956]: ci-info: | enp0s3 | True | fe80::1e:e5ff:fe6d:7121/64 |       .       |  link  | 02:1e:e5:6d:71:21 |
[   28.986110] cloud-init[956]: ci-info: |   lo   | True |         127.0.0.1          |   255.0.0.0   |  host  |         .         |
[   29.010856] cloud-init[956]: ci-info: |   lo   | True |          ::1/128           |       .       |  host  |         .         |
[   29.035863] cloud-init[956]: ci-info: +--------+------+----------------------------+---------------+--------+-------------------+
[[0;32m  OK  [0m] [   29.072918] cloud-init[956]: ci-info: +++++++++++++++++++++++++++Route IPv4 info++++++++++++++++++++++++++++
[   29.074115] cloud-init[956]: ci-info: +-------+-------------+----------+---------------+-----------+-------+
Started Initial cloud-init job (metadata service crawler).
[   29.075071] cloud-init[956]: ci-info: | Route | Destination | Gateway  |    Genmask    | Interface | Flags |
[   29.104459] cloud-init[956]: ci-info: +-------+-------------+----------+---------------+-----------+-------+
[[0;32m  OK  [0m] Reached target Cloud-config availability.
[[0;32m  OK  [0m] [   29.105065] cloud-init[956]: ci-info: |   0   |   0.0.0.0   | 10.0.2.2 |    0.0.0.0    |   enp0s3  |   UG  |
Reached target System Initialization.
[   29.117911] cloud-init[956]: ci-info: |   1   |   10.0.2.0  | 0.0.0.0  | 255.255.255.0 |   enp0s3  |   U   |
[[0;32m  OK  [0m] Listening on D-Bus System Message Bus Socket.
[   29.129745] cloud-init[956]: ci-info: +-------+-------------+----------+---------------+-----------+-------+
         Starting Socket activation for snappy daemon.
[   29.177314] cloud-init[956]: ci-info: +++++++++++++++++++Route IPv6 info+++++++++++++++++++
[   29.236582] cloud-init[956]: ci-info: +-------+-------------+---------+-----------+-------+
[   29.296730] cloud-init[956]: ci-info: | Route | Destination | Gateway | Interface | Flags |
[   29.297386] cloud-init[956]: ci-info: +-------+-------------+---------+-----------+-------+
[[0;32m  OK  [0m] Started ACPI Events Check.
[   29.298006] cloud-init[956]: ci-info: |   0   |  fe80::/64  |    ::   |   enp0s3  |   U   |
[[0;32m  OK  [0m] Reached target Paths.
[   29.320017] cloud-init[956]: ci-info: |   4   |   ff00::/8  |    ::   |   enp0s3  |   U   |
[[0;32m  OK  [0m] Started Daily Cleanup of Temporary Directories.
[   29.324810] cloud-init[956]: ci-info: +-------+-------------+---------+-----------+-------+
[[0;32m  OK  [0m] Listening on ACPID Listen Socket.
[   29.340782] cloud-init[956]: Generating public/private rsa key pair.
[   29.366220] cloud-init[956]: Your identification has been saved in /etc/ssh/ssh_host_rsa_key.
[   29.370563] cloud-init[956]: Your public key has been saved in /etc/ssh/ssh_host_rsa_key.pub.
[   29.386994] cloud-init[956]: The key fingerprint is:
         Starting LXD - unix socket.
[   29.387561] cloud-init[956]: SHA256:VJCg0zQi/C74PyQm712ysRA/y2L6mjZeSkPcrGKJv+k root@ubuntu-xenial
[   29.410768] cloud-init[956]: The key's randomart image is:
[[0;32m  OK  [0m] Started Daily apt download activities.
[   29.411372] cloud-init[956]: +---[RSA 2048]----+
[   29.417381] cloud-init[956]: | .. . +..o.      |
[[0;32m  OK  [0m] Started Daily apt upgrade and clean activities.
[   29.418171] cloud-init[956]: |  .. = ...       |
[[0;32m  OK  [0m] Reached target Timers.
[   29.424231] cloud-init[956]: |   .o . .        |
[[0;32m  OK  [0m] Listening on UUID daemon activation socket.
[   29.427405] cloud-init[956]: |. o .. .         |
[[0;32m  OK  [0m] Reached target Network is Online.
[   29.437204] cloud-init[956]: | +.+    S        |
[   29.450463] cloud-init[956]: |= *oo            |
[   29.454306] cloud-init[956]: |o@.== .          |
         Starting iSCSI initiator daemon (iscsid)...
[   29.459088] cloud-init[956]: |+=O=.O           |
[   29.476616] cloud-init[956]: |*XE+B.           |
[   29.479279] cloud-init[956]: +----[SHA256]-----+
[   29.482037] cloud-init[956]: Generating public/private dsa key pair.
[[0;32m  OK  [0m] Listening on Socket activation for snappy daemon.
[   29.482638] cloud-init[956]: Your identification has been saved in /etc/ssh/ssh_host_dsa_key.
[   29.489949] cloud-init[956]: Your public key has been saved in /etc/ssh/ssh_host_dsa_key.pub.
[[0;32m  OK  [0m] Listening on LXD - unix socket.
[   29.490577] cloud-init[956]: The key fingerprint is:
[   29.500454] cloud-init[956]: SHA256:8y2zEOsbKVKgQjLFqMkLKeIWdHxRhxhDuWix3fJ7cVI root@ubuntu-xenial
[   29.503834] cloud-init[956]: The key's randomart image is:
[   29.505586] cloud-init[956]: +---[DSA 1024]----+
[   29.508318] cloud-init[956]: | oo .=*...       |
[[0;32m  OK  [0m] Reached target Sockets.
[[0;32m  OK  [0m] Reached target Basic System.
         [   29.544901] cloud-init[956]: |.o.+ +...        |
[   29.547436] cloud-initStarting Pollinate to seed the pseudo random number generator...
[956]: |*+. B o          |
[   29.565803] cloud-init[956]: |X+ = = .   E     |
[   29.568790] cloud-init[956]: |* =   + S .      |
[   29.571504] cloud-init[956]: | =   . . O o     |
         Starting LXD - container startup/shutdown...
[   29.575174] cloud-init[956]: |.   . . * B .    |
[   29.612410] cloud-init[956]: |     . + + +     |
         Starting LSB: Record successful boot for GRUB...
[   29.629121] cloud-init[956]: |        +..      |
[   29.630011] cloud-init[956]: +----[SHA256]-----+
[   29.630354] cloud-init[956]: Generating public/private ecdsa key pair.
[   29.630621] cloud-init[956]: Your identification has been saved in /etc/ssh/ssh_host_ecdsa_key.
[   29.630960] cloud-init[956]: Your public key has been saved in /etc/ssh/ssh_host_ecdsa_key.pub.
[   29.631269] cloud-init[956]: The key fingerprint is:
[   29.631616] cloud-init[956]: SHA256:00nbiO9KA/rfXbZDNvcI3Gw+oaX1RGK6CPk9OZ95ZHI root@ubuntu-xenial
[   29.640244] cloud-init[956]: The key's randomart image is:
[   29.729244] cloud-init[956]: +---[ECDSA 256]---+
[   29.732262] cloud-init[956]: |                 |
[   29.740646] cloud-init[956]: |                 |
[   29.752870]          cloud-initStarting LSB: MD monitoring daemon...[956]: 
|          .      |
[   29.753575] cloud-init[956]: |         + =  o .|
[   29.789156] cloud-init[956]: |      . S.=..= o |
[   29.808683]          cloud-initStarting Login Service...[956]: 
|     . .oo  + % E|
[   29.809356] cloud-init[956]: |    .   oo.o &o%.|
[   29.833129] cloud-init[956]: |     . . +o.Oo=++|
[   29.847778]          Starting System Logging Service...
cloud-init[956]: |      ..o.o .+=+ |
[   29.885634] cloud-init[956]: +----[SHA256]-----+
         Starting Virtualbox guest utils...
[   29.886228] cloud-init[956]: Generating public/private ed25519 key pair.
[   29.924910] cloud-init[956]: Your identification has been saved in /etc/ssh/ssh_host_ed25519_key.
[   29.944642] cloud-init[956]: Your public key has been saved in /etc/ssh/ssh_host_ed25519_key.pub.
[   29.960383] cloud-init[956]: The key fingerprint is:
[[0;32m  OK  [0m] Started FUSE filesystem for LXC.
[   29.961351] cloud-init[956]: SHA256:sdQYQe6+1Otvp7g/h0VjilKQJVkAbtx0En9QjNaW+Jw root@ubuntu-xenial
[   29.971941] cloud-init[956]: The key's randomart image is:
[   29.973822] cloud-init[956]: +--[ED25519 256]--+
[   29.977364] cloud-init[956]: |      .oXO=*..   |
[   29.982871] cloud-init[956]: |     o ++O+.=    |
[   29.988564] cloud-init[956]: |      + *oo+..   |
[   30.000753]          cloud-initStarting Accounts Service...[956]: 
|     . o o..E +  |
[   30.024684] cloud-init[956]: |        S. . + . |
[   30.026476] cloud-init[956]: |       .... . .  |
[   30.036727] cloud-init[956]: |        o..  o   |
[   30.042200] cloud-init[956]: |       . . o+ o  |
[[0;32m  OK  [0m] Started ACPI event daemon.
[   30.067804] cloud-init[956]: |        ..==+=   |
[[0;32m  OK  [0m] Started Deferred execution scheduler.
[   30.094385] cloud-init[956]: +----[SHA256]-----+
         Starting /etc/rc.local Compatibility...
[[0;32m  OK  [0m] Started Regular background program processing daemon.
[[0;32m  OK  [0m] Started D-Bus System Message Bus.
         Starting Snappy daemon...
[[0;32m  OK  [0m] Started System Logging Service.
[[0;32m  OK  [0m] Started /etc/rc.local Compatibility.
[[0;32m  OK  [0m] Started iSCSI initiator daemon (iscsid).
[[0;32m  OK  [0m] Started Login Service.
[[0;32m  OK  [0m] Started Unattended Upgrades Shutdown.
         Starting Authenticate and Authorize Users to Run Privileged Tasks...
         Starting Login to default iSCSI targets...
[[0;32m  OK  [0m] Started LSB: Record successful boot for GRUB.
[[0;32m  OK  [0m] Started LSB: MD monitoring daemon.
[[0;32m  OK  [0m] Started Authenticate and Authorize Users to Run Privileged Tasks.
[[0;32m  OK  [0m] Started Login to default iSCSI targets.
[[0;32m  OK  [0m] Started Accounts Service.
[[0;32m  OK  [0m] Reached target Remote File Systems (Pre).
[[0;32m  OK  [0m] Reached target Remote File Systems.
         Starting LSB: Set the CPU Frequency Scaling governor to "ondemand"...
         Starting LSB: daemon to balance interrupts for SMP systems...
         Starting LSB: automatic crash report generation...
         Starting Permit User Sessions...
[[0;32m  OK  [0m] Started Virtualbox guest utils.
[[0;32m  OK  [0m] Started Permit User Sessions.
         Starting Hold until boot process finishes up...
         Starting Terminate Plymouth Boot Screen...
[[0;32m  OK  [0m] Started Hold until boot process finishes up.
[[0;32m  OK  [0m] Started Terminate Plymouth Boot Screen.
[[0;32m  OK  [0m] Started LSB: Set the CPU Frequency Scaling governor to "ondemand".
[[0;32m  OK  [0m] Started Getty on tty1.
[[0;32m  OK  [0m] Started Serial Getty on ttyS0.
[[0;32m  OK  [0m] Reached target Login Prompts.
         Starting Set console scheme...
[[0;32m  OK  [0m] Started Set console scheme.
[[0;32m  OK  [0m] Started LSB: automatic crash report generation.
[[0;32m  OK  [0m] Started LSB: daemon to balance interrupts for SMP systems.
[[0;32m  OK  [0m] Started LXD - container startup/shutdown.
[[0;32m  OK  [0m] Started Pollinate to seed the pseudo random number generator.
         Starting OpenBSD Secure Shell server...
[[0;32m  OK  [0m] Started OpenBSD Secure Shell server.
[[0;32m  OK  [0m] Started Snappy daemon.
         Starting Wait until snapd is fully seeded...
[[0;32m  OK  [0m] Created slice User Slice of vagrant.
         Starting User Manager for UID 1000...
[[0;32m  OK  [0m] Started Session 1 of user vagrant.
[[0;32m  OK  [0m] Started User Manager for UID 1000.

Ubuntu 16.04.6 LTS ubuntu-xenial ttyS0

ubuntu-xenial login: [   48.386057] cloud-init[1398]: Generating locales (this might take a while)...
[   54.586431] cloud-init[1398]:   en_US.UTF-8... done
[   54.602027] cloud-init[1398]: Generation complete.
[   66.970398] cloud-init[1398]: Cloud-init v. 19.1-1-gbaa47854-0ubuntu1~16.04.1 running 'modules:config' at Thu, 22 Aug 2019 17:38:50 +0000. Up 45.89 seconds.
ci-info: no authorized ssh keys fingerprints found for user ubuntu.
<14>Aug 22 17:39:14 ec2: 
<14>Aug 22 17:39:14 ec2: #############################################################
<14>Aug 22 17:39:14 ec2: -----BEGIN SSH HOST KEY FINGERPRINTS-----
<14>Aug 22 17:39:14 ec2: 1024 SHA256:8y2zEOsbKVKgQjLFqMkLKeIWdHxRhxhDuWix3fJ7cVI root@ubuntu-xenial (DSA)
<14>Aug 22 17:39:14 ec2: 256 SHA256:00nbiO9KA/rfXbZDNvcI3Gw+oaX1RGK6CPk9OZ95ZHI root@ubuntu-xenial (ECDSA)
<14>Aug 22 17:39:14 ec2: 256 SHA256:sdQYQe6+1Otvp7g/h0VjilKQJVkAbtx0En9QjNaW+Jw root@ubuntu-xenial (ED25519)
<14>Aug 22 17:39:14 ec2: 2048 SHA256:VJCg0zQi/C74PyQm712ysRA/y2L6mjZeSkPcrGKJv+k root@ubuntu-xenial (RSA)
<14>Aug 22 17:39:14 ec2: -----END SSH HOST KEY FINGERPRINTS-----
<14>Aug 22 17:39:14 ec2: #############################################################
-----BEGIN SSH HOST KEY KEYS-----
ecdsa-sha2-nistp256 AAAAE2VjZHNhLXNoYTItbmlzdHAyNTYAAAAIbmlzdHAyNTYAAABBBBis4jUGrD70MBdM+ejy8mw5oMlW+we8IrjPNOUYEpJsTJEfqi5mrCtUpMSwCjBHPy9490txDJ7Te2g+y7+g0mQ= root@ubuntu-xenial
ssh-ed25519 AAAAC3NzaC1lZDI1NTE5AAAAIBcmSGV4uzrkkINYs1wm5CVjkDCXcbn9PUbH5r2hkFxl root@ubuntu-xenial
ssh-rsa AAAAB3NzaC1yc2EAAAADAQABAAABAQDKFkjczlcPAh0J5yQAfieyccBxJ0pUd7ioHfSLGkw0OedClGZhLRU9N5Ho0aTse47Bf+pRhJ0J/xBBPdSeymvTOk019LSOiTF76EKi6bkJIXrs84B0c6wJC+4zT5QRNY3KDRgjQthcJxdIp9Rnl9M9JpU8PPG4dsBIvr9hVqu2hxRO7UO1/jnEYEDvePAweYwYKcAbXo2ol3/jsy3bU5VtyNWzKa8wuu2dNdra0vWjba9ex0TDpbzlQcuAXikQfoiqzlqev341yShJzpeVirhg0RhmobvJrzdDBQ7FZGN5d1hZcvhdUs+JQGIgvYdRjaMmoCkAe9fuSnrGBxaUYLwR root@ubuntu-xenial
-----END SSH HOST KEY KEYS-----
[   70.075700] cloud-init[1536]: Cloud-init v. 19.1-1-gbaa47854-0ubuntu1~16.04.1 running 'modules:final' at Thu, 22 Aug 2019 17:39:12 +0000. Up 67.85 seconds.
[   70.076430] cloud-init[1536]: ci-info: no authorized ssh keys fingerprints found for user ubuntu.
[   70.077083] cloud-init[1536]: Cloud-init v. 19.1-1-gbaa47854-0ubuntu1~16.04.1 finished at Thu, 22 Aug 2019 17:39:14 +0000. Datasource DataSourceNoCloud [seed=/dev/sdb][dsmode=net].  Up 70.04 seconds
