[    0.000000] Initializing cgroup subsys cpuset
[    0.000000] Initializing cgroup subsys cpu
[    0.000000] Initializing cgroup subsys cpuacct
[    0.000000] Linux version 4.4.0-154-generic (buildd@lgw01-amd64-049) (gcc version 5.4.0 20160609 (Ubuntu 5.4.0-6ubuntu1~16.04.10) ) #181-Ubuntu SMP Tue Jun 25 05:29:03 UTC 2019 (Ubuntu 4.4.0-154.181-generic 4.4.179)
[    0.000000] Command line: BOOT_IMAGE=/boot/vmlinuz4.4.0-154-generic root=LABEL=cloudimg-rootfs ro console=tty1 console=ttyS0
[    0.000000] KERNEL supported cpus:
[    0.000000]   Intel GenuineIntel
[    0.000000]   AMD AuthenticAMD
[    0.000000]   Centaur CentaurHauls
[    0.000000] x86/fpu: Legacy x87 FPU detected.
[    0.000000] e820: BIOS-provided physical RAM map:
[    0.000000] BIOS-e820: [mem 0x00000000000000-0x0000000009fbff] usable
[    0.000000] BIOS-e820: [mem 0x000000000009fc00-0x000000000009ffff] reserved
[    0.000000] BIOS-e820: [mem 0x00000000000f0000-0x00000000000fffff] reerved
[    0.000000] BIOS-e820: [mem 0x0000000000100000-0x000000003ffeffff] usable
[    0.000000] BIOS-e820: [mem 0x000000003fff0000-0x000000003fffffff] ACPI data
[    0.000000] BIOS-e820: [mem 0x00000000fec00000-0x00000000fec00fff] reserved
[    0.000000] BIOS-ee820: [mem 0x00000000fee00000-0x00000000fee00fff] reserved
[    0.000000] BIOS-e820: [mem 0x00000000fffc0000-0x00000000ffffffff] reserved
[    0.000000] NX (Execute Disable) protection: active
[    0.000000] SMBIOS 2.5 present.
[    0.000000] Hypervisor detected: KVM
[    0.000000] e820: last_pfn = 0x3fff0 max_arch_pfn = 0x400000000
[    0.000000] MTRR: Disabled
[    0.000000] x86/PAT: MTRRs disabled, skipping PAT initialization too.
[    0.000000] CPU MTRRs all blank - virtualized system.
[    0.000000] x86/PAT: Configuration [0-7]: WB  WT  UC- UC  WB  WT  UC- UC  
[    0.000000] found SMP MP-table at [mem 0x0009fff0-0x0009ffff] mapped at [ffff88000009fff0]
[    0.000000] Scanning 1 areas for low memory corruption
[    0.000000] RAMDISK: [mem 0x362fa000-0x37174fff]
[    0.000000] ACPI: Early table checksum verification disabled
[    0.000000] ACPI: RSDP 0x00000000000E0000 000024 (v02 VBOX  )
[    0.000000] ACPI: XSDT 0x000000003FFF0030 00003C (v01 VBOX   VBOXXSDT 00000001 ASL  00000061)
[    0.000000] ACPI: FACP 0x000000003FFF00F0 0000F4 (v04 VBOX   VBOXFACP 00000001 ASL  00000061)
[    0.000000] ACPI: DSDT 0x000000003FFF0470 0021FF (v02 VBOX   VBOXBIOS 00000002 INTL 20180105)
[    0.000000] ACPI: FACS 0x000000003FFF0200 000040
[    0.000000] ACPI: FACS 0x000000003FFF0200 000040
[    0.000000] ACPI: APIC 0x000000003FFF0240 00005C (v02 VBOX   VBOXAPIC 00000001 ASL  00000061)
[    0.000000] ACPI: SSDT 0x000000003FFF02A0 0001CC (v01 VBOX   VBOXCPUT 00000002 INTL 20180105)
[    0.000000] No NUMA configuration found
[    0.000000] Faking a node at [mem 0x0000000000000000-0x000000003ffeffff]
[    0.000000] NODE_DATA(0) allocated [mem 0x3ffeb000-0x3ffeffff
    0.00000] kvm-clock: Using msrs 4b564d01 and 4b564d00
[    0.000000] kvm-clock: cpu 0, msr 0:3ffe3001, primary cpu clock
[    0.000000] kvm-clock: using sched offset of 4940461916 cycles
[    0.000000] clocksource: kvm-clock: mask: 0xffffffffffffffff max_cycles: 0x1cd42e4dffb, max_idle_ns: 881590591483 ns
[    0.000000] Zone ranges:
[    0.000000]   DMA      [mem 0x0000000000001000-0x0000000000ffffff]
[    0.000000]   DMA2    [mem 0x0000000001000000-0x000000003ffeffff]
[    0.000000]   Normal   empty
[    0.000000]   Device   empty
[    0.000000] Movable zone start for each node
[    0.000000] Early memory node ranges
[    0.000000]   node   0: [mem 0x0000000000001000-0x000000000009efff]
[    0.000000]   node   0: [mem 0x0000000000100000-0x000000003ffeffff]
[    0.000000] Initmem setup node 0 [mem 0x0000000000001000-0x000000003ffeffff]
[    0.000000] ACPI: PM-Timer IO Port: 0x4008
[    0.000000] IOAPIC[0]: apic_id 2, version 32, address 0xfec00000, GSI 0-23
[    0.000000] ACPI: INT_SRC_OVR (bus 0 bus_irq 0 global_irq 2 dfl dfl)
[    0.000000] ACPI: INT_SRC_OVR (bus 0 bus_irq 9 global_irq 9 low level)
[    0.000000] Using ACPI (MADT) for SMP configuration information
[    0.000000] smpboot: Allowing 2 CPUs, 0 hotplug CPUs
[    0.000000] PM: Registered nosave memory: [mem 0x00000000-0x00000fff]
[    0.000000] PM: Registered nosave memory: [mem 0x0009f000-0x0009ffff]
[    0.000000] PM: Registered nosave memory: [mem 0x000a0000-0x000effff]
[    0.000000] PM: Registered nosave memory: [mem 0x000f0000-0x000fffff]
[    0.000000] e820: [mem 0x40000000-0xfebfffff] available for PCI devices
[    0.000000] Booting paravirtualized kernel on KVM
[    0.000000] clocksource: refined-jiffies: mask: 0xffffffff max_cycles: 0xffffffff, max_idle_ns: 7645519600211568 ns
[    0.000000] setup_percpu: NR_CPUS:512 nr_cpumask_bits:512 nr_cpu_ids:2 nr_node_ids:1
[    0.000000] PERCPU: Embedded 34 pages/cpu @ffff88003fc00000 s99480 r8192 d31592 u1048576
[    0.000000] Built 1 zonelists in Node order, mobility grouping on.  Total pages: 257912
[    0.0000 Policy zone: DMA32
[    0.00000 Kernel command line: BOOT_IMAGE=/boot/vmlinuz-4.4.0-154-generic root=LABEL=cloudimg-rootfs ro console=tty1 console=ttyS0
[    0.000000] PID hash table entries: 4096 (order: 3, 32768 bytes)
[    0.000000] Memory: 997732K/1048120K available (8613K kernel code, 1335K rwdata, 4028K rodata, 1484K init, 1284K bss, 50388K reserved, 0K cma-reserved)
[    0.000000] SLUB: HWalign=64, Order=0-3, MinObjects=0, CPUs=2, Nodes=1
[    0.000000] Kernel/User page tables isolation: enabled
[    0.000000] Hierarchical RCU implementation.
[    0.000000] 	Build-time adjustment of leaf fanout to 64.
[    0.000000] 	RCU restricting CPUs from NR_CPUS=512 to nr_cpu_ids=2.
[    0.000000] RCU: Adjusting geometry for rcu_fanout_leaf=64, nr_cpu_ids=2
[    0.000000] NR_IRQS:33024 nr_irqs:440 16
[    0.000000] Console: colour VGA+ 80x25
[    0.000000] console [tty1] enabled
[    0.000000] console[ttyS0] enabled
[    0.000000] tsc: Detected 2992.498 MHz processor
[    3.111760] Calibrating delay loop (skipped) preset value.. 5984.99 BogoMIPS (lpj=11969992)
[    3.114660] pid_max: default: 32768 minimum: 301
[    3.116193] ACPI: Core revision 20150930
[    3.118864] ACP: 2 ACPI AML tables successfully acquired and loaded
[    3.187992] Security Framework initialized
[    3.189436] Yama: becoming mindful.
[    3.190828] AppArmor: AppArmor initialized
[    3.192426] Dentry cache hash table entries: 131072 (order: 8, 1048576 bytes)
[    3.195070] Inode-cache hash table entries: 65536 (order: 7, 524288 bytes)
[    3.197379] Mount-cache hash table entries: 2048 (order: 2, 16384 bytes)
[    3.199394] Mountpoint-cache hash table entries: 2048 (order: 2, 16384 bytes)
[    3.272027] Initializing cgroup subsys io
[    3.273449] Initializing cgroup subsys memory
[    3.274962] Initializing cgroup subsys devices
[    3.298616] Initializing cgroup subsys freezer
[    3.371100] Initializing cgroup subsys net_cls
[    3.372598] Initializing cgroup subsys perf_event
[    3.374183] Initializing cgroup subsys net_prio
[    3.375704] Initializing cgroup subsys hugetlb
[    3.377207] Initializing cgroup subsys pids
[    3.408214] mce: CPU supports 0 MCE banks
[    3.409692] Last level iTLB entries: 4KB 128, 2MB 4, 4MB 4
[    3.436329] Last level dTLB entries: 4KB 256, 2MB 0, 4MB 32, 1GB 0
[    3.438212] Spectre V2 : Mitigation: Full generic retpoline
[    3.445311] Spectre V2 : Spectre v2 / SpectreRSB mitigation: Filling RSB on context switch
[    3.515652] Speculative Store Bypass: Vulnerable
[    3.518135] MDS: Vulnerable: Clear CPU buffers attempted, no microcode
[    3.523646] Freeing SMP alternatives memory: 36K
[    3.532876] ftrace: allocating 32299 entries in 127 pages
[    3.603405] smpboot: APIC(0) Converting physical 0 to logical package 0
[    3.652394] smpboot: Max logical packages: 1
[    3.654465] x2apic enabled
[    3.656131] Switched APIC routing to physical x2apic.
[    3.660190] ..TIMER: vector=0x30 apic1=0 pin1=2 apic2=-1 pin2=-1
[    3.769370] smpboot: CPU0: Intel(R) Core(TM)2 Duo CPU     E8400  @ 3.00GHz (family: 0x6, model: 0x17, stepping: 0xa)
[    3.774012] Performance Events: unsupported p6 CPU model 23 no PMU driver, software events only.
[    3.931634] KVM setup paravirtual spinlock
[    3.980129] x86: Booting SMP configuration:
[    3.981580] .... node  #0, CPUs:      #1
[    4.005406] kvm-clock: cpu 1, msr 0:3ffe3041, secondary cpu clock
[    4.037211] mce: CPU supports 0 MCE banks
[    4.042707] x86: Booted up 1 node, 2 CPUs
[    4.044644] smpboot: Total of 2 processors activated (11969.99 BogoMIPS)
[    4.047381] devtmpfs: initialized
[    4.051510] evm: security.selinux
[    4.071346] evm: security.SMACK64
[    4.072628] evm: security.SMACK64EXEC
[    4.114529] evm: security.SMACK64TRANSMUTE
[    4.162496] evm: security.SMACK64MMAP
[    4.163822] evm: security.ima
[    4.164997] evm: security.capability
[    4.166585] clocksource: jiffies: mask: 0xffffffff max_cycles: 0xffffffff, max_idle_ns: 7645041785100000 ns
[    4.169748] futex hash table entries: 512 (order: 3, 32768 bytes)
[    4.171778] pinctrl core: initialized pinctrl subsystem
[    4.173632] RTC time: 15:56:15, date: 08/22/19
[    4.224834] NET: Registered protocol family 16
[    4.285385] cpuidle: using governor ladder
[    4.297949] cpuidle: using governor menu
[    4.299463] PCCT header not found.
[    4.300847] ACPI: bus type PCI registered
[    4.302588] acpiphp: ACPI Hot Plug PCI Controller Driver version: 0.5
[    4.314151] PCI: Using configuration type 1 for base access
[    4.339664] ACPI: Added _OSI(Module Device)
[    4.370812] ACPI: Added _OSI(Processor Device)
[    4.411225] ACPI: Added _OSI(3.0 _SCP Extensions)
[    4.412778] ACPI: Added _OSI(Processor Aggregator Device)
[    4.415342] ACPI: Executed 1 blocks of module-level executable AML code
[    4.420176] ACPI: Interpreter enabled
[    4.427894] ACPI: (supports S0 S5)
[    4.469908] ACPI: Using IOAPIC for interrupt routing
[    4.480735] PCI: Using host bridge windows from ACPI; if necessary, use "pci=nocrs" and report a bug
[    4.488340] ACPI: PCI Root Bridge [PCI0] (domain 0000 [bus 00-ff])
[    4.507068] acpi PNP0A03:00: _OSC: OS supports [ASPM ClockPM Segments MSI]
[    4.568295] acpi PNP0A03:00: _OSC: not requesting OS control; OS requires [ExtendedConfig ASPM ClockPM MSI]
[    4.577621] acpi PNP0A03:00: fail to add MMCONFIG information, can't access extended PCI configuration space under this bridge.
[    4.649399] PCI host bridge to bus 0000:00
[    4.684618] pci_bus 0000:00: root bus resource [io  0x0000-0x0cf7 window]
[    4.686676] pci_bus 0000:00: root bus resource [io  0x0d00-0xffff window]
[    4.694616] pci_bus 0000:00: root bus resource [mem 0x000a0000-0x000bffff window]
[    4.705161] pci_bus 0000:00: root bus resource [mem 0x40000000-0xfdffffff window]
[    4.718704] pci_bus 0000:00: root bus resource [bus 00-ff]
[    4.806388] pci 0000:00:01.1: legacy IDE quirk: reg 0x10: [io  0x01f0-0x01f7]
[    4.817103] pci 0000:00:01.1: legacy IDE quirk: reg 0x14: [io  0x03f6]
[    4.819076] pci 0000:00:01.1: legacy IDE quirk: reg 0x18: [io  0x0170-0x0177]
[    4.821139] pci 0000:00:01.1: legacy IDE quirk: reg 0x1c: [io  0x0376]
[    4.893703] pci 0000:00:07.0: quirk: [io  0x4000-0x403f] claimed by PIIX4 ACPI
[    4.905697] pci 0000:00:07.0: quirk: [io  0x4100-0x410f] claimed by PIIX4 SMB
[    4.929551] ACPI: PCI Interrupt Link [LNKA] (IRQs 5 9 10 *11)
[    4.933431] ACPI: PCI Interrupt Link [LNKB] (IRQs 5 9 *10 11)
[    4.947942] ACPI: PCI Interrupt Link [LNKC] (IRQs 5 *9 10 11)
[    4.950921] ACPI: PCI Interrupt Link [LNKD] (IRQs 5 9 10 *11)
[    4.953455] ACPI: Enabled 2 GPEs in block 00 to 07
[    4.980273] vgaarb: setting as boot device: PCI:0000:00:02.0
[    4.984301] vgaarb: device added: PCI:0000:00:02.0,decodes=io+mem,owns=io+mem,locks=none
[    4.987096] vgaarb: loaded
[    4.988221] vgaarb: bridge control possible 0000:00:02.0
[    4.990603] SCSI subsystem initialized
[    5.001031] ACPI: bus type USB registered
[    5.002510] usbcore: registered new interface driver usbfs
[    5.004246] usbcore: registered new interface driver hub
[    5.005977] usbcore: registered new device driver usb
[    5.011142] PCI: Using ACPI for IRQ routing
[    5.013314] NetLabel: Initializing
[    5.014588] NetLabel:  domain hash size = 128
[    5.016062] NetLabel:  protocols = UNLABELED CIPSOv4
[    5.036679] NetLabel:  unlabeled traffic allowed by default
[    5.038839] amd_nb: Cannot enumerate AMD northbridges
[    5.055029] clocksource: Switched to clocksource kvm-clock
[  5.070919] AppArmor: AppArmor Filesystem Enabled
[    5.131617] pnp: PnP ACPI init
[  5133940] pnp: PnP ACPI: found 3 deces

[   5.310102] clocksurce: acpi_pm: mask: 0xffffff max_cycles: 0xffffff, max_idle_ns: 2085701024 ns
[    5.374784] NET: Registered protocol family 2

[    5.377002] TCP established hash table entries: 8192 (order: 4, 65536 bytes)
[    5.379210] TCP bind hash table entries: 8192 (order: 5, 131072 bytes)
[    5.381288] TCP: Hash tables configured (established 82 bind 8192)
[    5.444614] UDP hash table enris:512 (order: 2, 16384 bytes)
[    5.538479] UDP-Lite hash table entries: 512 (order: 2, 16384 bytes)
[  554631] NET: Registered protocol family 1
[    5.660077] pci 0000:00:00.0: Limiting direct PCI/PCI transfers
    5.661939] pci 0000:00:01.0: Activating ISA DMA hang workarounds
[   5.693337] Unpaing initramfs...

[    6.058388] Freeing initrd memory: 14828K
[    6.060803] clocksource: tsc: mask: 0xffffffffffffffff max_cycles: 0x2b2296bc2b9, max_idle_ns: 440795321505 ns
[    6.065674] platform rtc_cmos: registered platform RTC device (no PNP device found)
[    6.069714] Scanning for low memory corruption every 60 seconds
[    6.073043] audit: initializing netlink subsys (disabled)
[    6.075642] audit: type=2000 audit(1566489379.214:1): initialized
[    6.079371] Initialise system trusted keyring
[    6.083868] HugeTLB registered 2 MB page size, pre-allocated 0 pages
[    6.089003] zbud: loaded
[    6.091505] VFS: Disk quotas dquot_6.6.0
[    6.093619] VFS: Dquot-cache hash table entries: 512 (order 0, 4096 bytes)
[    6.097593] squashfs: version 4.0 (2009/01/31) Phillip Lougher
[    6.101179] fuse init (API version 7.23)
[    6.103390] Key type big_key registered
[    6.105788] Allocating IMA MOK and blacklist keyrings.
[    6.121984] Key type asymmetric registered
[    6.124292] Asymmetric key parser 'x509' registered
[    6.126775] Block layer SCSI generic (bsg) driver version 0.4 loaded (major 249)
[    6.131202] io scheduler noop registered
[    6.133256] io scheduler deadline registered (default)
[    6.136092] io scheduler cfq registered
[    6.138351] pci_hotplug: PCI Hot Plug PCI Core version: 0.5
[    6.141356] pciehp: PCI Express Hot Plug Controller Driver version: 0.4
[    6.144918] ACPI: AC Adapter [AC] (on-line)
[    6.147279] input: Power Button as /devices/LNXSYSTM:00/LNXPWRBN:00/input/input0
[    6.151286] ACPI: Power Button [PWRF]
[    6.153281] input: Sleep Button as /devices/LNXSYSTM:00/LNXSLPBN:00/input/input1
[    6.157360] ACPI: Sleep Button [SLPF]
[    6.160668] GHES: HEST is not enabled!
[    6.162926] Serial: 8250/16550 driver, 32 ports, IRQ sharing enabled
[    6.192691] 00:02: ttyS0 at I/O 0x3f8 (irq = 4, base_baud = 115200) is a 16550A
[    6.277551] Linux agpgart interface v0.103
[    6.300894] loop: module loaded
[    6.338770] scsi host0: ata_piix
[    6.348305] scsi host1: ata_piix
[    6.350128] ata1: PATA max UDMA/33 cmd 0x1f0 ctl 0x3f6 bmdma 0xd000 irq 14
[    6.355278] ata2: PATA max UDMA/33 cmd 0x170 ctl 0x376 bmdma 0xd008 irq 15
[    6.370674] libphy: Fixed MDIO Bus: probed
[    6.392117] tun: Universal TUN/TAP device driver, 1.6
[    6.393877] tun: (C) 1999-2004 Max Krasnyansky <maxk@qualcomm.com>
[    6.405263] PPP generic driver version 2.4.2
[    6.410260] ehci_hcd: USB 2.0 'Enhanced' Host Controller (EHCI) Driver
[    6.412319] ehci-pci: EHCI PCI platform driver
[    6.413911] ehci-platform: EHCI generic platform driver
[    6.554375] ohci_hcd: USB 1.1 'Open' Host Controller (OHCI) Driver
[    6.711079] ohci-pci: OHCI PCI platform driver
[    6.712673] ohci-platform: OHCI generic platform driver
[    6.724972] uhci_hcd: USB Universal Host Controller Interface driver
[    6.808459] i8042: PNP: PS/2 Controller [PNP0303:PS2K,PNP0f03:PS2M] at 0x60,0x64 irq 1,12
[    6.823294] serio: i8042 KBD port at 0x60,0x64 irq 1
[    6.832126] serio: i8042 AUX port at 0x60,0x64 irq 12
[    6.834058] mousedev: PS/2 mouse device common for all mice
[    6.836793] input: AT Translated Set 2 keyboard as /devices/platform/i8042/serio0/input/input2
[    6.859092] rtc_cmos rtc_cmos: rtc core: registered rtc_cmos as rtc0
[    7.134675] rtc_cmos rtc_cmos: alarms up to one day, 114 bytes nvram
[    7.148955] i2c /dev entries driver
[    7.150917] device-mapper: uevent: version 1.0.3
[    7.153353] device-mapper: ioctl: 4.34.0-ioctl (2015-10-28) initialised: dm-devel@redhat.com
[    7.158851] ledtrig-cpu: registered to indicate activity on CPUs
[    7.162424] NET: Registered protocol family 10
[    7.165127] NET: Registered protocol family 17
[    7.167346] Key type dns_resolver registered
[    7.171140] registered taskstats version 1
[    7.173282] Loading compiled-in X.509 certificates
[    7.176618] Loaded X.509 cert 'Build time autogenerated kernel key: 65139e04a67245b562a838c28b5e7032abdd4348'
[    7.181348] zswap: loaded using pool lzo/zbud
[    7.205866] Key type trusted registered
[    7.261978] Key type encrypted registered
[    7.269809] AppArmor: AppArmor sha1 policy hashing enabled
[    7.272639] ima: No TPM chip found, activating TPM-bypass!
[    7.293588] ima: Allocated hash algorithm: sha1
[    7.295890] evm: HMAC attrs: 0x1
[    7.298186]   Magic number: 15:148:943
[    7.301264] tty tty0: hash matches
[    7.303089] tty console: hash matches
[    7.305196] rtc_cmos rtc_cmos: setting system clock to 2019-08-22 15:56:18 UTC (1566489378)
[    7.310294] BIOS EDD facility v0.16 2004-Jun-25, 0 devices found
[    7.319997] EDD information not available.
[    7.331707] Freeing unused kernel memory: 1484K
[    7.359184] Write protecting the kernel read-only data: 14336k
[    7.384867] Freeing unused kernel memory: 1616K
[    8.320469] Freeing unused kernel memory: 68K
Loading, please wait...
starting version 229
[    8.586751] random: systemd-udevd: uninitialized urandom read (16 bytes read, 3 bits of entropy available)
[    8.593635] random: systemd-udevd: uninitialized urandom read (16 bytes read, 3 bits of entropy available)
[    8.600366] random: systemd-udevd: uninitialized urandom read (16 bytes read, 3 bits of entropy available)
[    8.603434] random: udevadm: uninitialized urandom read (16 bytes read, 3 bits of entropy available)
[    8.603544] random: udevadm: uninitialized urandom read (16 bytes read, 3 bits of entropy available)
[    8.622836] random: systemd-udevd: uninitialized urandom read (16 bytes read, 3 bits of entropy available)
[    8.685992] random: systemd-udevd: uninitialized urandom read (16 bytes read, 3 bits of entropy available)
[    8.732653] random: systemd-udevd: uninitialized urandom read (16 bytes read, 3 bits of entropy available)
[    8.796876] random: udevadm: uninitialized urandom read (16 bytes read, 3 bits of entropy available)
[    8.798373] random: udevadm: uninitialized urandom read (16 bytes read, 3 bits of entropy available)
[    9.360436] e1000: Intel(R) PRO/1000 Network Driver - version 7.3.21-k8-NAPI
[    9.363719] e1000: Copyright (c) 1999-2006 Intel Corporation.
[    9.370226] Fusion MPT base driver 3.04.20
[    9.372745] Copyright (c) 1999-2008 LSI Corporation
[    9.461354] Fusion MPT SPI Host driver 3.04.20
[    9.609862] input: ImExPS/2 Generic Explorer Mouse as /devices/platform/i8042/serio1/input/input4
[   10.075310] e1000 0000:00:03.0 eth0: (PCI:33MHz:32-bit) 02:1e:e5:6d:71:21
[   10.660790] e1000 0000:00:03.0 eth0: Intel(R) PRO/1000 Network Connection
[   10.665697] mptbase: ioc0: Initiating bringup
[   10.751761] e1000 0000:00:03.0 enp0s3: renamed from eth0
[   10.819613] ioc0: LSI53C1030 A0: Capabilities={Initiator}
[   11.541157] scsi host2: ioc0: LSI53C1030 A0, FwRev=00000000h, Ports=1, MaxQ=256, IRQ=20
[   11.759870] scsi 2:0:0:0: Direct-Access     VBOX     HARDDISK         1.0  PQ: 0 ANSI: 5
[   11.771988] scsi target2:0:0: Beginning Domain Validation
[   11.775380] scsi target2:0:0: Domain Validation skipping write tests
[   11.777288] scsi target2:0:0: Ending Domain Validation
[   11.779000] scsi target2:0:0: asynchronous
[   11.791086] scsi 2:0:1:0: Direct-Access     VBOX     HARDDISK         1.0  PQ: 0 ANSI: 5
[   11.793893] scsi target2:0:1: Beginning Domain Validation
[   11.797286] scsi target2:0:1: Domain Validation skipping write tests
[   11.799263] scsi target2:0:1: Ending Domain Validation
[   11.801017] scsi target2:0:1: asynchronous
[   11.811408] sd 2:0:0:0: Attached scsi generic sg0 type 0
[   11.830717] sd 2:0:0:0: [sda] 20971520 512-byte logical blocks: (10.7 GB/10.0 GiB)
[   11.841312] sd 2:0:0:0: [sda] Write Protect is off
[   11.843162] sd 2:0:1:0: [sdb] 20480 512-byte logical blocks: (10.5 MB/10.0 MiB)
[   11.843325] sd 2:0:1:0: [sdb] Write Protect is off
[   11.843437] sd 2:0:1:0: [sdb] Incomplete mode parameter data
[   11.843439] sd 2:0:1:0: [sdb] Assuming drive cache: write through
[   11.849432] sd 2:0:1:0: Attached scsi generic sg1 type 0
[   11.872924] sd 2:0:1:0: [sdb] Attached SCSI disk
[   11.907076] sd 2:0:0:0: [sda] Incomplete mode parameter data
[   11.908926] sd 2:0:0:0: [sda] Assuming drive cache: write through
[   11.917340]  sda: sda1
[   11.919423] sd 2:0:0:0: [sda] Attached SCSI disk
Begin: Loading essential drivers ... [   14.437212] md: linear personality registered for level -1
[   14.483108] md: multipath personality registered for level -4
[   14.513484] md: raid0 personality registered for level 0
[   14.547757] md: raid1 personality registered for level 1
[   14.647054] raid6: sse2x1   gen()  3634 MB/s
[   14.715051] raid6: sse2x1   xor()  4586 MB/s
[   14.811057] raid6: sse2x2   gen()  4733 MB/s
[   14.915049] raid6: sse2x2   xor()  5767 MB/s
[   15.083048] raid6: sse2x4   gen()  8324 MB/s
[   15.162748] raid6: sse2x4   xor()  7145 MB/s
[   15.178676] raid6: using algorithm sse2x4 gen() 8324 MB/s
[   15.180921] raid6: .... xor() 7145 MB/s, rmw enabled
[   15.182556] raid6: using ssse3x2 recovery algorithm
[   15.186385] xor: measuring software checksum speed
[   15.239046]    prefetch64-sse: 11780.000 MB/sec
[   15.279042]    generic_sse: 10430.000 MB/sec
[   15.284477] xor: using function: prefetch64-sse (11780.000 MB/sec)
[   15.288202] async_tx: api initialized (async)
[   15.319307] md: raid6 personality registered for level 6
[   15.322588] md: raid5 personality registered for level 5
[   15.325966] md: raid4 personality registered for level 4
[   15.424665] md: raid10 personality registered for level 10
done.
Begin: Running /scripts/init-premount ... done.
Begin: Mounting root file system ... Begin: Running /scripts/local-top ... done.
Begin: Running /scripts/local-premount ... [   15.663170] Btrfs loaded
Scanning for Btrfs filesystems
done.
Warning: fsck not present, so skipping root file system
[   15.937671] EXT4-fs (sda1): mounted filesystem with ordered data mode. Opts: (null)
done.
Begin: Running /scripts/local-bottom ... done.
Begin: Running /scripts/init-bottom ... done.
[   16.720933] systemd[1]: systemd 229 running in system mode. (+PAM +AUDIT +SELINUX +IMA +APPARMOR +SMACK +SYSVINIT +UTMP +LIBCRYPTSETUP +GCRYPT +GNUTLS +ACL +XZ -LZ4 +SECCOMP +BLKID +ELFUTILS +KMOD -IDN)
[   16.745623] systemd[1]: Detected virtualization oracle.
[   17.070300] systemd[1]: Detected architecture x86-64.

Welcome to [1mUbuntu 16.04.6 LTS[0m!

[   17.184983] systemd[1]: Set hostname to <ubuntu>.
[   17.197408] systemd[1]: Initializing machine ID from random generator.
[   17.199557] systemd[1]: Installed transient /etc/machine-id file.
[   17.327445] random: nonblocking pool is initialized
[   18.252150] systemd[1]: Listening on /dev/initctl Compatibility Named Pipe.
[[0;32m  OK  [0m] Listening on /dev/initctl Compatibility Named Pipe.
[   18.267246] systemd[1]: Created slice System Slice.
[[0;32m  OK  [0m] Created slice System Slice.
[   18.271628] systemd[1]: Listening on LVM2 poll daemon socket.
[[0;32m  OK  [0m] Listening on LVM2 poll daemon socket.
[   18.278303] systemd[1]: Listening on udev Kernel Socket.
[[0;32m  OK  [0m] Listening on udev Kernel Socket.
[   18.296447] systemd[1]: Started Forward Password Requests to Wall Directory Watch.
[[0;32m  OK  [0m] Started Forward Password Requests to Wall Directory Watch.
[   18.308109] systemd[1]: Listening on Syslog Socket.
[[0;32m  OK  [0m] Listening on Syslog Socket.
[   18.318316] systemd[1]: Reached target User and Group Name Lookups.
[[0;32m  OK  [0m] Reached target User and Group Name Lookups.
[   18.357241] systemd[1]: Created slice User and Session Slice.
[[0;32m  OK  [0m] Created slice User and Session Slice.
[   18.367337] systemd[1]: Reached target Slices.
[[0;32m  OK  [0m] Reached target Slices.
[   18.376375] systemd[1]: Listening on Device-mapper event daemon FIFOs.
[[0;32m  OK  [0m] Listening on Device-mapper event daemon FIFOs.
[   18.382666] systemd[1]: Listening on Journal Audit Socket.
[[0;32m  OK  [0m] Listening on Journal Audit Socket.
[   18.387297] systemd[1]: Listening on Journal Socket (/dev/log).
[[0;32m  OK  [0m] Listening on Journal Socket (/dev/log).
[   18.391945] systemd[1]: Reached target Swap.
[[0;32m  OK  [0m] Reached target Swap.
[   18.394848] systemd[1]: Listening on LVM2 metadata daemon socket.
[[0;32m  OK  [0m] Listening on LVM2 metadata daemon socket.
[   18.401715] systemd[1]: Created slice system-serial\x2dgetty.slice.
[[0;32m  OK  [0m] Created slice system-serial\x2dgetty.slice.
[   18.463295] systemd[1]: Reached target Encrypted Volumes.
[[0;32m  OK  [0m] Reached target Encrypted Volumes.
[   18.468495] systemd[1]: Set up automount Arbitrary Executable File Formats File System Automount Point.
[[0;32m  OK  [0m] Set up automount Arbitrary Executab...ats File System Automount Point.
[   18.477259] systemd[1]: Reached target System Time Synchronized.
[[0;32m  OK  [0m] Reached target System Time Synchronized.
[   18.480949] systemd[1]: Listening on udev Control Socket.
[[0;32m  OK  [0m] Listening on udev Control Socket.
[   18.485714] systemd[1]: Listening on Journal Socket.
[[0;32m  OK  [0m] Listening on Journal Socket.
[   18.508292] systemd[1]: Starting Create list of required static device nodes for the current kernel...
         Starting Create list of required st... nodes for the current kernel...
[   18.555899] systemd[1]: Mounting POSIX Message Queue File System...
         Mounting POSIX Message Queue File System...
[   18.582928] systemd[1]: Starting Uncomplicated firewall...
         Starting Uncomplicated firewall...
[   18.652620] systemd[1]: Starting Set console keymap...
         Starting Set console keymap...
[   18.688935] systemd[1]: Mounting Huge Pages File System...
         Mounting Huge Pages File System...
[   18.744870] systemd[1]: Starting Journal Service...
         Starting Journal Service...
[   18.778279] systemd[1]: Starting Remount Root and Kernel File Systems...
         Starting Remount Root and Kernel File Systems...
[   18.882863] systemd[1]: Starting Monitoring of LVM2 mirrors, snapshots etc. using dmeventd or progress polling...
         Starting Monitoring of LVM2 mirrors... dmeventd or progress polling...
[   18.912663] EXT4-fs (sda1): re-mounted. Opts: (null)
[   18.997342] systemd[1]: Starting Load Kernel Modules...
         Starting Load Kernel Modules...
[   19.024736] systemd[1]: Starting Nameserver information manager...
         Starting Nameserver information manager...
[   19.069184] systemd[1]: Mounting Debug File System...
         Mounting Debug File System...
[   19.089462] systemd[1]: Started Trigger resolvconf update for networkd DNS.
[[0;32m  OK  [0m] Started Trigger resolvconf update for networkd DNS.
[   19.156501] systemd[1]: Mounted POSIX Message Queue File System.
[[0;32m  OK  [0m] Mounted POSIX Message Queue File System.
[   19.164885] systemd[1]: Mounted Huge Pages File System.
[[0;32m  OK  [0m] Mounted Huge Pages File System.
[   19.181144] systemd[1]: Started Create list of required static device nodes for the current kernel.
[[0;32m  OK  [0m] Started Create list of required sta...ce nodes for the current kernel.
[   19.206680] systemd[1]: Started Uncomplicated firewall.
[[0;32m  OK  [0m] Started Uncomplicated firewall.
[   19.239547] systemd[1]: Started Remount Root and Kernel File Systems.
[[0;32m  OK  [0m] Started Remount Root and Kernel File Systems.
[   19.282184] systemd[1]: Mounted Debug File System.
[[0;32m  OK  [0m] Mounted Debug File System.
[   19.311839] Loading iSCSI transport class v2.0-870.
[   19.320658] systemd[1]: Started Journal Service.
[[0;32m  OK  [0m] Started Journal Service.
[[0;32m  OK  [0m] Started Names[   19.395026] iscsi: registered transport (tcp)
erver information manager.
[[0;32m  OK  [0m] Started Set console keymap.
[   19.569423] iscsi: registered transport (iser)
[[0;32m  OK  [0m] Started Load Kernel Modules.
         Mounting FUSE Control File System...
         Starting Apply Kernel Variables...
[[0;32m  OK  [0m] Started LVM2 metadata daemon.
         Starting Flush Journal to Persistent Storage...
         Starting Load/Save Random Seed...
         Starting udev Coldplug all Devices...
         Starting Create Static Device Nodes in /dev...
[[0;32m  OK  [0m] Mounted FUSE Control File System.
[[0;32m  OK  [0m] Started Apply Kernel Variables.
[[0;32m  OK  [0m] Started Load/Save Random Seed.
[[0;32m  OK  [0m] Started Create Static Device Nodes in /dev.
         Starting udev Kernel Device Manager...
[[0;32m  OK  [0m] Started Flush Journal to Persistent Storage.
[[0;32m  OK  [0m] Started Monitoring of LVM2 mirrors,...ng dmeventd or progress polling.
[[0;32m  OK  [0m] Reached target Local File Systems (Pre).
[[0;32m  OK  [0m] Reached target Local File Systems.
         Starting Create Volatile Files and Directories...
         Starting Set console font and keymap...
         Starting Tell Plymouth To Write Out Runtime Data...
         Starting Commit a transient machine-id on disk...
         Starting LSB: AppArmor initialization...
         Starting Initial cloud-init job (pre-networking)...
[[0;32m  OK  [0m] Started udev Kernel Device Manager.
[[0;32m  OK  [0m] Started udev Coldplug all Devices.
[[0;32m  OK  [0m] Started Tell Plymouth To Write Out Runtime Data.
[[0;32m  OK  [0m] Started Commit a transient machine-id on disk.
[[0;32m  OK  [0m] Started Create Volatile Files and Directories.
         Starting Update UTMP about System Boot/Shutdown...
[[0;32m  OK  [0m] Started Dispatch Password Requests to Console Directory Watch.
[[0;32m  OK  [0m] Started Update UTMP about System Boot/Shutdown.
[[0;32m  OK  [0m] Found device /dev/ttyS0.
[[0;32m  OK  [0m] Listening on Load/Save RF Kill Switch Status /dev/rfkill Watch.
[[0;32m  OK  [0m] Started LSB: AppArmor initialization.
[   24.611495] cloud-init[481]: Cloud-init v. 19.1-1-gbaa47854-0ubuntu1~16.04.1 running 'init-local' at Thu, 22 Aug 2019 15:56:38 +0000. Up 22.93 seconds.
[[0;32m  OK  [0m] Started Initial cloud-init job (pre-networking).
[[0;32m  OK  [0m] Reached target Network (Pre).
         Starting Raise network interfaces...
[[0;32m  OK  [0m] Started Set console font and keymap.
[[0;32m  OK  [0m] Created slice system-getty.slice.
[[0;32m  OK  [0m] Started Raise network interfaces.
[[0;32m  OK  [0m] Reached target Network.
         Starting Initial cloud-init job (metadata service crawler)...
[   33.977836] cloud-init[945]: Cloud-init v. 19.1-1-gbaa47854-0ubuntu1~16.04.1 running 'init' at Thu, 22 Aug 2019 15:56:44 +0000. Up 28.39 seconds.
[   33.995319] cloud-init[945]: ci-info: ++++++++++++++++++++++++++++++++++++++Net device info++++++++++++++++++++++++++++++++++++++
[   34.045569] cloud-init[945]: ci-info: +--------+------+----------------------------+---------------+--------+-------------------+
[   34.110297] cloud-init[945]: ci-info: | Device |  Up  |          Address           |      Mask     | Scope  |     Hw-Address    |
[   34.115314] cloud-init[945]: ci-info: +--------+------+----------------------------+---------------+--------+-------------------+
[   34.125696] cloud-init[945]: ci-info: | enp0s3 | True |         10.0.2.15          | 255.255.255.0 | global | 02:1e:e5:6d:71:21 |
[   34.136655] cloud-init[945]: ci-info: | enp0s3 | True | fe80::1e:e5ff:fe6d:7121/64 |       .       |  link  | 02:1e:e5:6d:71:21 |
[   34.150307] cloud-init[945]: ci-info: |   lo   | True |         127.0.0.1          |   255.0.0.0   |  host  |         .         |
[   34.165030] cloud-init[945]: ci-info: |   lo   | True |          ::1/128           |       .       |  host  |         .         |
[   34.223299] cloud-init[945]: ci-info: +--------+------+----------------------------+---------------+--------+-------------------+
[   34.235055] cloud-init[945]: ci-info: +++++++++++++++++++++++++++Route IPv4 info++++++++++++++++++++++++++++
[   34.244566] cloud-init[945]: ci-info: +-------+-------------+----------+---------------+-----------+-------+
[   34.251056] cloud-init[945]: ci-info: | Route | Destination | Gateway  |    Genmask    | Interface | Flags |
[   34.324376] cloud-init[945]: ci-info: +-------+-------------+----------+---------------+-----------+-------+
[   34.407833] cloud-init[945]: ci-info: |   0   |   0.0.0.0   | 10.0.2.2 |    0.0.0.0    |   enp0s3  |   UG  |
[[0;32m  OK  [0m] Started Initial cloud-init job (metadata service crawler).
[   34.494693] cloud-init[945]: ci-info: |   1   |   10.0.2.0  | 0.0.0.0  | 255.255.255.0 |   enp0s3  |   U   |
[   34.684606] cloud-init[945]: ci-info: +-------+-------------+----------+---------------+-----------+-------+
[   34.769076] cloud-init[945]: ci-info: +++++++++++++++++++Route IPv6 info+++++++++++++++++++
[[0;32m  OK  [0m] Reached target Network is Online.
[   34.769473] cloud-init[945]: ci-info: +-------+-------------+---------+-----------+-------+
         Starting iSCSI initiator daemon (iscsid)...
[[0;32m  OK  [0m] Reached target Cloud-config availability.
[[0;32m  OK  [0m] Reached target System Initialization.
[   34.844116] cloud-init[945]: ci-info: | Route | Destination | Gateway | Interface | Flags |
[   34.957132] cloud-init[945]: ci-info: +-------+-------------+---------+-----------+-------+
[   34.974784] cloud-init[945]: ci-info: |   0   |  fe80::/64  |    ::   |   enp0s3  |   U   |
[   35.006719] cloud-init[945]: ci-info: |   4   |   ff00::/8  |    ::   |   enp0s3  |   U   |
[   35.011766] cloud-init[945]: ci-info: +-------+-------------+---------+-----------+-------+
[   35.031543] cloud-init[945]: Generating public/private rsa key pair.
[   35.037692] cloud-init[945]: Your identification has been saved in /etc/ssh/ssh_host_rsa_key.
[   35.050350] cloud-init[945]: Your public key has been saved in /etc/ssh/ssh_host_rsa_key.pub.
[   35.062778] cloud-init[945]: The key fingerprint is:
[   35.064443] cloud-init[945]: SHA256:KrtO1g66Mq2niON/jlOBycOgGb7p7da588C2LERgpDg root@ubuntu-xenial
[   35.067588] cloud-init[945]: The key's randomart image is:
[   35.069194] cloud-init[945]: +---[RSA 2048]----+
[   35.069431] cloud-init[945]: |..               |
[   35.069679] cloud-init[945]: |++               |
[   35.069915] cloud-init[945]: |Eo= o            |
[   35.073989] cloud-init[945]: |oo B .           |
[   35.083598] cloud-init[945]: |  + . . S        |
[   35.083898] cloud-init[945]: | o ..o .         |
[   35.084245] cloud-init[945]: |..o B++          |
[   35.084479] cloud-init[945]: |*.oO+Xo          |
[   35.084757] cloud-init[945]: |*O**O*=.         |
[   35.085095] cloud-init[945]: +----[SHA256]-----+
[   35.085392] cloud-init[945]: Generating public/private dsa key pair.
[   35.085761] cloud-init[945]: Your identification has been saved in /etc/ssh/ssh_host_dsa_key.
[   35.095615] cloud-init[945]: Your public key has been saved in /etc/ssh/ssh_host_dsa_key.pub.
[   35.095919] cloud-init[945]: The key fingerprint is:
[   35.096280] cloud-init[945]: SHA256:fK6mFT8gyGFkIIkTXKGBe1CtfDqznAkt4mYBvIAYNMQ root@ubuntu-xenial
[   35.096577] cloud-init[945]: The key's randomart image is:
[   35.096872] cloud-init[945]: +---[DSA 1024]----+
[   35.097225] cloud-init[945]: |XO+=+            |
[   35.097581] cloud-init[945]: |BE+o.            |
[   35.099260] cloud-init[945]: |+B .o            |
[   35.105723] cloud-init[945]: |*.+o.o .         |
[   35.106075] cloud-init[945]: |oo.oo . S .      |
[   35.106474] cloud-init[945]: |+o=    . *       |
[   35.106955] cloud-init[945]: |o+.*    . +      |
[   35.109024] cloud-init[945]: | +=    ... .     |
[   35.110770] cloud-init[945]: |o     .o.        |
[[0;32m  OK  [0m] Listening on UUID daemon activation socket.
[   35.119407] cloud-init[945]: +----[SHA256]-----+
         Starting LXD - unix socket.
[   35.240933] cloud-init[945]: Generating public/private ecdsa key pair.
[   35.278825] cloud-init[945]: Your identification has been saved in /etc/ssh/ssh_host_ecdsa_key.
[   35.282088] cloud-init[945]: Your public key has been saved in /etc/ssh/ssh_host_ecdsa_key.pub.
[   35.313127] cloud-init[945]: The key fingerprint is:
[   35.349068] cloud-init[945]: SHA256:SN+Now8hPGII+PNN7CsjmeW3lEw7hUMMY5VQB0RG2jE root@ubuntu-xenial
[   35.408683] cloud-init[945]: The key's randomart image is:
[   35.447068] cloud-init[945]: +---[ECDSA 256]---+
[[0;32m  OK  [0m] Started Daily apt download activities.
[   35.447584] cloud-init[945]: |    =BEo.        |
[   35.504795] cloud-init[945]: |.  . B.+         |
[[0;32m  OK  [0m] Started Daily apt upgrade and clean activities.
[   35.505133] cloud-init[945]: |o   . =          |
[   35.639940] cloud-init[945]: | o . = + . o     |
[   35.641727] cloud-init[945]: |  + o @ S + .    |
[   35.700617] cloud-init[945]: |   +.B B o .     |
[[0;32m  OK  [0m] Listening on ACPID Listen Socket.
[   35.766270] cloud-init[945]: |   =. O o        |
[   35.824521] cloud-init[945]: |  + +..o o       |
         Starting Socket activation for snappy daemon.
[   35.824913] cloud-init[945]: |   . +o.  .      |
[   35.908523] cloud-init[945]: +----[SHA256]-----+
[[0;32m  OK  [0m] Listening on D-Bus System Message Bus Socket.
[   35.908889] cloud-init[945]: Generating public/private ed25519 key pair.
[[0;32m  OK  [0m] Started Daily Cleanup of Temporary Directories.
[[0;32m  OK  [0m] Reached target Timers.
[   36.092730] cloud-init[945]: Your identification has been saved in /etc/ssh/ssh_host_ed25519_key.
[[0;32m  OK  [0m] Started ACPI Events Check.
[   36.093146] cloud-init[945]: Your public key has been saved in /etc/ssh/ssh_host_ed25519_key.pub.
[[0;32m  OK  [0m] Reached target Paths.
[   36.160607] cloud-init[945]: The key fingerprint is:
[   36.208044] cloud-init[945]: SHA256:ri6cs0NMUJxSUOjTzomTBwi+pugsKDznF0p3lbT2Yi0 root@ubuntu-xenial
[   36.214614] cloud-init[945]: The key's randomart image is:
[   36.274839] cloud-init[945]: +--[ED25519 256]--+
[[0;32m  OK  [0m] Listening on LXD - unix socket.
[   36.277315] cloud-init[945]: |  .B+.           |
[[0;32m  OK  [0m] Listening on Socket activation for snappy daemon.
[   36.337810] cloud-init[945]: |. + o    .       |
[   36.380363] cloud-init[945]: |oo +    . o      |
[   36.396914] [[0;32m  OK  [0m] Started iSCSI initiator daemon (iscsid).
cloud-init[945]: |..+ o    =       |
[   36.421809] cloud-init[945]: |  .X .  S o      |
[   36.436454] cloud-init[945]: | o+.Bo o E o     |
[   36.461265] cloud-init[945]: |* .=o.o o o      |
[   36.468571] cloud-init[945]: |Bo o*. .         |
[   36.533967] cloud-init[945]: |+o+.o*o          |
         Starting Login to default iSCSI targets...
[[0;32m  OK  [0m] Reached target Sockets.
[   36.542812] cloud-init[945]: +----[SHA256]-----+
[[0;32m  OK  [0m] Reached target Basic System.
         Starting /etc/rc.local Compatibility...
[[0;32m  OK  [0m] Started D-Bus System Message Bus.
         Starting Pollinate to seed the pseudo random number generator...
         Starting LXD - container startup/shutdown...
[[0;32m  OK  [0m] Started FUSE filesystem for LXC.
[[0;32m  OK  [0m] Started Deferred execution scheduler.
         Starting Virtualbox guest utils...
         Starting Login Service...
[[0;32m  OK  [0m] Started ACPI event daemon.
         Starting System Logging Service...
         Starting Snappy daemon...
         Starting Accounts Service...
         Starting LSB: MD monitoring daemon...
         Starting LSB: Record successful boot for GRUB...
[[0;32m  OK  [0m] Started Regular background program processing daemon.
[[0;32m  OK  [0m] Started /etc/rc.local Compatibility.
[[0;32m  OK  [0m] Started System Logging Service.
[[0;32m  OK  [0m] Started Login Service.
[[0;32m  OK  [0m] Started Unattended Upgrades Shutdown.
[[0;32m  OK  [0m] Started Login to default iSCSI targets.
[[0;32m  OK  [0m] Reached target Remote File Systems (Pre).
[[0;32m  OK  [0m] Reached target Remote File Systems.
         Starting LSB: automatic crash report generation...
         Starting LSB: daemon to balance interrupts for SMP systems...
         Starting LSB: Set the CPU Frequency Scaling governor to "ondemand"...
         Starting Permit User Sessions...
         Starting Authenticate and Authorize Users to Run Privileged Tasks...
[[0;32m  OK  [0m] Started Permit User Sessions.
[[0;32m  OK  [0m] Started LSB: Record successful boot for GRUB.
[[0;32m  OK  [0m] Started LXD - container startup/shutdown.
         Starting Terminate Plymouth Boot Screen...
         Starting Hold until boot process finishes up...
[[0;32m  OK  [0m] Started LSB: MD monitoring daemon.
[[0;32m  OK  [0m] Started Terminate Plymouth Boot Screen.
[[0;32m  OK  [0m] Started Hold until boot process finishes up.
[[0;32m  OK  [0m] Started Serial Getty on ttyS0.
[[0;32m  OK  [0m] Started Getty on tty1.
[[0;32m  OK  [0m] Reached target Login Prompts.
         Starting Set console scheme...
[[0;32m  OK  [0m] Started Authenticate and Authorize Users to Run Privileged Tasks.
[[0;32m  OK  [0m] Started Set console scheme.
[[0;32m  OK  [0m] Started Accounts Service.
[[0;32m  OK  [0m] Started LSB: Set the CPU Frequency Scaling governor to "ondemand".
[[0;32m  OK  [0m] Started LSB: automatic crash report generation.
[[0;32m  OK  [0m] Started LSB: daemon to balance interrupts for SMP systems.
[[0;32m  OK  [0m] Started Virtualbox guest utils.
[[0;32m  OK  [0m] Started Snappy daemon.
         Starting Wait until snapd is fully seeded...
[[0;32m  OK  [0m] Started Pollinate to seed the pseudo random number generator.
         Starting OpenBSD Secure Shell server...
[[0;32m  OK  [0m] Started OpenBSD Secure Shell server.
[[0;32m  OK  [0m] Created slice User Slice of vagrant.
         Starting User Manager for UID 1000...
[[0;32m  OK  [0m] Started Session 1 of user vagrant.
[[0;32m  OK  [0m] Started User Manager for UID 1000.

Ubuntu 16.04.6 LTS ubuntu-xenial ttyS0

ubuntu-xenial login: [   48.542725] cloud-init[1388]: Generating locales (this might take a while)...
[   51.802458] cloud-init[1388]:   en_US.UTF-8... done
[   51.809869] cloud-init[1388]: Generation complete.
[   53.996715] cloud-init[1388]: Cloud-init v. 19.1-1-gbaa47854-0ubuntu1~16.04.1 running 'modules:config' at Thu, 22 Aug 2019 15:57:03 +0000. Up 47.89 seconds.
ci-info: no authorized ssh keys fingerprints found for user ubuntu.
<14>Aug 22 15:57:11 ec2: 
<14>Aug 22 15:57:11 ec2: #############################################################
<14>Aug 22 15:57:11 ec2: -----BEGIN SSH HOST KEY FINGERPRINTS-----
<14>Aug 22 15:57:11 ec2: 1024 SHA256:fK6mFT8gyGFkIIkTXKGBe1CtfDqznAkt4mYBvIAYNMQ root@ubuntu-xenial (DSA)
<14>Aug 22 15:57:11 ec2: 256 SHA256:SN+Now8hPGII+PNN7CsjmeW3lEw7hUMMY5VQB0RG2jE root@ubuntu-xenial (ECDSA)
<14>Aug 22 15:57:11 ec2: 256 SHA256:ri6cs0NMUJxSUOjTzomTBwi+pugsKDznF0p3lbT2Yi0 root@ubuntu-xenial (ED25519)
<14>Aug 22 15:57:11 ec2: 2048 SHA256:KrtO1g66Mq2niON/jlOBycOgGb7p7da588C2LERgpDg root@ubuntu-xenial (RSA)
<14>Aug 22 15:57:11 ec2: -----END SSH HOST KEY FINGERPRINTS-----
<14>Aug 22 15:57:11 ec2: #############################################################
-----BEGIN SSH HOST KEY KEYS-----
ecdsa-sha2-nistp256 AAAAE2VjZHNhLXNoYTItbmlzdHAyNTYAAAAIbmlzdHAyNTYAAABBBPpgqgJofdHBE2uA7jnf8TQhH6leEZqe1bFeOAH0C0M6Obd0Fllt4DVnJ4lB5Bkd9Q+jEcDEFiqMtldyG0Gm+7M= root@ubuntu-xenial
ssh-ed25519 AAAAC3NzaC1lZDI1NTE5AAAAIOMDQ8CIpuNLIrzdalv+6BFNu27EOzhTL19STZ8ORsNA root@ubuntu-xenial
ssh-rsa AAAAB3NzaC1yc2EAAAADAQABAAABAQDoXGfum5Ad3VbJASPIzZFqEHHUtN5PJ/xKT+7HZYlbTr9Y6PAk6Kejn68lREsqjQYEUCFd/uU1dZhSzoYCoAz0/86QasGnf7DyCytmEU60XW5+OExCRFpR99iKaSa1bQrLq9K2pL2gkvQeDUU/gBwg7T52znDH4nXMr5BCT+lycrmoHyCu8PiRTMagBTv9uqKaBlePFUYkYEG5cmGi5vNxfBIIPF9LgcoB0T+QFCRiIe4kBWSpbeQ1RzpmKgeTH+V+XY/w62eVhhTUHPndVMaFXyfqARIKli4JqkPgLST6xVWcUwKXA0e77pLGOiUFTmjHHd01/v8C4FA2OA3kbp5/ root@ubuntu-xenial
-----END SSH HOST KEY KEYS-----
[   55.748063] cloud-init[1576]: Cloud-init v. 19.1-1-gbaa47854-0ubuntu1~16.04.1 running 'modules:final' at Thu, 22 Aug 2019 15:57:10 +0000. Up 55.03 seconds.
[   55.749251] cloud-init[1576]: ci-info: no authorized ssh keys fingerprints found for user ubuntu.
[   55.750100] cloud-init[1576]: Cloud-init v. 19.1-1-gbaa47854-0ubuntu1~16.04.1 finished at Thu, 22 Aug 2019 15:57:11 +0000. Datasource DataSourceNoCloud [seed=/dev/sdb][dsmode=net].  Up 55.71 seconds
